[www.gravitee.io/index.html]
[backblue.gif]
[fade.gif]
[index.html]
[www.gravitee.io/hubfs/Mark.svg]
[www.gravitee.io/hs-fs/hubfs/hub_generated/template_assets/1/65362293811/1744640694258/template_main.min.css]
[www.gravitee.io/hs-fs/hubfs/hub_generated/template_assets/1/65362142503/1744640687105/template_theme-overrides.min.css]
[www.gravitee.io/hs-fs/hubfs/hub_generated/template_assets/1/67150940477/1744640684445/template_gravitee-two.min.css]
[www.gravitee.io/hs-fs/hubfs/hub_generated/template_assets/1/65363705528/1744640692453/template_gravitee.css]
[www.gravitee.io/hs-fs/hubfs/hub_generated/template_assets/1/187107094582/1744903810393/template_child.min.css]
[www.gravitee.io/hs-fs/hubfs/hub_generated/module_assets/1/69951595816/1744492675539/module_Skip_To_Links_for_Accessibility.min.css]
[www.gravitee.io/hs-fs/hubfs/hub_generated/module_assets/1/65505562701/1744651744947/module_gravitee-mega-menu.min.css]
[www.gravitee.io/hs-fs/hubfs/hub_generated/module_assets/1/65675577449/1744492593822/module_buttons_dual.min.css]
[www.gravitee.io/hs-fs/hubfs/hub_generated/module_assets/1/123505037919/1744492863715/module_vertical_spacer.min.css]
[www.gravitee.io/hs-fs/hubfs/hub_generated/module_assets/1/187800834148/1742831327791/module_gradient_border_image.min.css]
[www.gravitee.io/hs-fs/hubfs/hub_generated/module_assets/1/187807048727/1742921030784/module_logo_scroller.min.css]
[www.gravitee.io/hs-fs/hubfs/hub_generated/module_assets/1/187851309211/1744142712186/module_icon_cards.min.css]
[www.gravitee.io/hs-fs/hubfs/hub_generated/module_assets/1/187847950112/1744144036930/module_testimonial_scroller.min.css]
[www.gravitee.io/hs-fs/hubfs/hub_generated/module_assets/1/187931902621/1744038081549/module_call_to_action_gradient.min.css]
[www.gravitee.io/hs-fs/hubfs/hub_generated/module_assets/1/65512691030/1744144575483/module_global-footer.min.css]
[www.gravitee.io/_hcms/googlefonts/Manrope/regular.woff2]
[www.gravitee.io/_hcms/googlefonts/Manrope/regular.woff]
[www.gravitee.io/_hcms/googlefonts/Manrope/700.woff2]
[www.gravitee.io/_hcms/googlefonts/Manrope/700.woff]
[www.gravitee.io/_hcms/googlefonts/Outfit/regular.woff2]
[www.gravitee.io/_hcms/googlefonts/Outfit/regular.woff]
[www.gravitee.io/_hcms/googlefonts/Outfit/700.woff2]
[www.gravitee.io/_hcms/googlefonts/Outfit/700.woff]
[www.gravitee.io/_hcms/googlefonts/Kanit/regular.woff2]
[www.gravitee.io/_hcms/googlefonts/Kanit/regular.woff]
[www.gravitee.io/hs-fs/hubfs/_branding/Backgrounde0e1.png]
[cdnjs.cloudflare.com/ajax/libs/font-awesome/6.2.0/css/all.min.css]
[www.gravitee.io/hubfs/favicon/gravittee-favicon-32.png]
[www.gravitee.io/hubfs/favicon/gravittee-favicon-57.png]
[www.gravitee.io/hubfs/favicon/gravittee-favicon-76.png]
[www.gravitee.io/hubfs/favicon/gravittee-favicon-96.png]
[www.gravitee.io/hubfs/favicon/gravittee-favicon-128.png]
[www.gravitee.io/hubfs/favicon/gravittee-favicon-228.png]
[www.gravitee.io/hubfs/favicon/gravittee-favicon-196.png]
[www.gravitee.io/hubfs/favicon/gravittee-favicon-120.png]
[www.gravitee.io/hubfs/favicon/gravittee-favicon-152.png]
[www.gravitee.io/hubfs/favicon/gravittee-favicon-180.png]
[unpkg.com/@lottiefiles/lottie-player@2.0.12/dist/lottie-player.js]
[code.jquery.com/jquery-3.5.1.min.js]
[www.gravitee.io/Gravitee_2025/templates/partials/header.html]
[www.gravitee.io/hubfs/Horizontal_DarkMode.svg]
[www.gravitee.io/indexd41d.html]
[www.gravitee.io/platform/api-management.html]
[www.gravitee.io/hubfs/Gravitee_2022/Images/icons-outline-manage.svg]
[www.gravitee.io/platform/kafka-gateway.html]
[www.gravitee.io/hubfs/Gravitee_2022/Images/icons-outline-deployment.svg]
[www.gravitee.io/platform/agent-mesh.html]
[www.gravitee.io/hubfs/_branding/icons/icons-outline-ai-v2.svg]
[www.gravitee.io/platform/federated-api-management.html]
[www.gravitee.io/platform/api-gateway.html]
[www.gravitee.io/platform/api-designer.html]
[www.gravitee.io/hubfs/Gravitee_2022/Images/icons-outline-design.svg]
[www.gravitee.io/en/platform/access-management.html]
[www.gravitee.io/hubfs/Gravitee_2022/Images/icons-outline-security.svg]
[www.gravitee.io/platform/api-observability.html]
[www.gravitee.io/hubfs/assets/icons-outline-observability.svg]
[www.gravitee.io/platform/api-developer-portal.html]
[www.gravitee.io/hubfs/Gravitee_2022/Images/icons-outline-chart.svg]
[www.gravitee.io/pricing.html]
[www.gravitee.io/hubfs/Gravitee_2022/Images/icons-pricing.svg]
[www.gravitee.io/downloads.html]
[www.gravitee.io/hubfs/Gravitee_2022/Images/icons-docker.svg]
[www.gravitee.io/hubfs/Gravitee_2022/Images/icons-kubernetes.svg]
[www.gravitee.io/hubfs/Gravitee_2022/Images/icons-zip.svg]
[www.gravitee.io/how-it-works.html]
[www.gravitee.io/use-cases/micorservices-kubernetes.html]
[www.gravitee.io/use-cases/api-security.html]
[www.gravitee.io/use-cases/reliability.html]
[www.gravitee.io/use-cases/event-brokers.html]
[www.gravitee.io/use-cases/api-monetization.html]
[www.gravitee.io/use-cases/api-catalog-developer-portal.html]
[www.gravitee.io/industry/financial-services-banking.html]
[www.gravitee.io/industry/insurance-insure-tech.html]
[www.gravitee.io/industry/travel-hospitality.html]
[www.gravitee.io/industry/software-saas.html]
[www.gravitee.io/industry/telecom-media.html]
[www.gravitee.io/industry/government.html]
[www.gravitee.io/industry/transportation.html]
[www.gravitee.io/industry/manufacturing.html]
[www.gravitee.io/industry/healthcare.html]
[www.gravitee.io/industry/general-other.html]
[www.gravitee.io/company.html]
[www.gravitee.io/partners.html]
[www.gravitee.io/case-studies.html]
[www.gravitee.io/about/diversity-equity-and-inclusion.html]
[www.gravitee.io/careers.html]
[www.gravitee.io/api-management-buyers-guide-event-native.html]
[www.gravitee.io/comparison/gravitee-vs-kong.html]
[www.gravitee.io/comparison/gravitee-vs-tyk.html]
[www.gravitee.io/comparison/gravitee-vs-mulesoft.html]
[www.gravitee.io/comparison/gravitee-vs-apigee.html]
[www.gravitee.io/comparison/gravitee-vs-azure.html]
[www.gravitee.io/comparison/gravitee-vs-aws.html]
[www.gravitee.io/hubfs/Gravitee_2022/Images/icons-outline-book.svg]
[www.gravitee.io/resources.html]
[www.gravitee.io/blog.html]
[www.gravitee.io/hubfs/Gravitee_2022/Images/icons-outline-text-file.svg]
[www.gravitee.io/demo-center.html]
[www.gravitee.io/hubfs/Gravitee_2022/Images/icons-outline-video.svg]
[www.gravitee.io/hubfs/Gravitee_2022/Images/icons-outline-calendar.svg]
[www.gravitee.io/hubfs/Gravitee_2022/Images/icons-outline-computer.svg]
[www.gravitee.io/hubfs/Gravitee_2022/Images/icons-outline-documentation.svg]
[www.gravitee.io/hubfs/Gravitee_2022/Images/icons-outline-community.svg]
[www.gravitee.io/contact-us.html]
[www.gravitee.io/hubfs/Gravitee_2022/Images/icons-outline-star.svg]
[www.gravitee.io/certification.html]
[www.gravitee.io/demo.html]
[www.gravitee.io/solution/api-monitoring-alerts.html]
[www.gravitee.io/solution/api-standardization.html]
[www.gravitee.io/solution/microservices.html]
[www.gravitee.io/solution/developer-portal.html]
[www.gravitee.io/solution/api-first.html]
[www.gravitee.io/solution/cloud-transformation.html]
[www.gravitee.io/solution/api-discoverability.html]
[www.gravitee.io/solution/api-security.html]
[www.gravitee.io/solution/devops.html]
[www.gravitee.io/solution/api-management.html]
[www.gravitee.io/solution/event-driven-architecture-and-apis.html]
[www.gravitee.io/industry/retail-ecommerce-consumer-goods.html]
[www.gravitee.io/hs-fs/hubfs/Screenshot 2025-04-17 at 14.13.585b52.png]
[www.gravitee.io/hs-fs/hubfs/Screenshot 2025-04-17 at 14.14.1030a7.png]
[www.gravitee.io/hs-fs/hubfs/Screenshot 2025-04-17 at 14.14.233628.png]
[www.gravitee.io/hs-fs/hubfs/blueyonder_white481c.png]
[www.gravitee.io/hs-fs/hubfs/michelinlogo_apimanagement (1)4f8e.png]
[www.gravitee.io/hs-fs/hubfs/xylem_white2320.png]
[www.gravitee.io/hs-fs/hubfs/Gravitee_2022/Images/New/April07de.png]
[www.gravitee.io/hs-fs/hubfs/Verint- White (1)efd4.png]
[www.gravitee.io/hs-fs/hubfs/prosperawhite42b9.png]
[www.gravitee.io/hs-fs/hubfs/Gravitee_2022/Images/New/Tidedb5e.png]
[www.gravitee.io/hs-fs/hubfs/postnl_white13ac.png]
[www.gravitee.io/hs-fs/hubfs/Gravitee_2022/Images/New/Swiss Post5827.png]
[www.gravitee.io/hs-fs/hubfs/Auchan-white logoe478.png]
[www.gravitee.io/hs-fs/hubfs/Roche v2 (1)7d1d.png]
[www.gravitee.io/hs-fs/hubfs/Gravitee_2022/Images/New/Sedex8837.png]
[www.gravitee.io/hs-fs/hubfs/ey_white_80ped37.png]
[www.gravitee.io/hs-fs/hubfs/skf-image-13e3b.png]
[www.gravitee.io/hs-fs/hubfs/Logo-White3c47.png]
[www.gravitee.io/hs-fs/hubfs/_2025/lightning-icon9512.png]
[www.gravitee.io/hubfs/_branding/icons/eye.svg]
[www.gravitee.io/hubfs/_branding/icons/briefcase.svg]
[www.gravitee.io/hubfs/_branding/icons/profile-2user.svg]
[www.gravitee.io/hubfs/_branding/Gravitee Invinity (opsi 1).mp4]
[www.gravitee.io/hubfs/_branding/icons/setting-2.svg]
[www.gravitee.io/hubfs/_branding/icons/shield-tick.svg]
[www.gravitee.io/hubfs/_branding/icons/message-programming.svg]
[www.gravitee.io/hubfs/_branding/icons/crown-2.svg]
[www.gravitee.io/hubfs/_branding/icons/magicpen.svg]
[www.gravitee.io/hubfs/_branding/icons/search-status.svg]
[www.gravitee.io/hs-fs/hubfs/_2025/heroicons_sparkles-solid143d.png]
[cdn.jsdelivr.net/npm/@splidejs/splide@4.1.4/dist/css/splide.min.css]
[cdn.jsdelivr.net/npm/@splidejs/splide@4.1.4/dist/js/splide.min.js]
[www.gravitee.io/Gravitee_2022/templates/partials/footer.html]
[www.gravitee.io/platform/cockpit.html]
[www.gravitee.io/branding.html]
[www.gravitee.io/hubfs/Gravitee_2022/Images/linkedin-fill.svg]
[www.gravitee.io/hubfs/Gravitee_2022/Images/twitter-fill.svg]
[www.gravitee.io/hubfs/Gravitee_2022/Images/github-fill.svg]
[www.gravitee.io/hs-fs/hubfs/youtube-white-iconeac4.png]
[www.gravitee.io/hubfs/Gravitee_2022/Images/facebook-circle-fill.svg]
[www.gravitee.io/hubfs/discourse logo white.svg]
[www.gravitee.io/hubfs/Horizontal_DarkMode.svg]
[www.gravitee.io/privacy-policy.html]
[www.gravitee.io/legal.html]
[www.gravitee.io/security-at-gravitee.html]
[www.gravitee.io/hs/hsstatic/content-cwv-embed/static-1.1293/embed.js]
[www.gravitee.io/hs-fs/hubfs/hub_generated/template_assets/1/187107818268/1744640680166/template_child.min.js]
[www.gravitee.io/hs-fs/hubfs/hub_generated/template_assets/1/65362284578/1744640680924/template_main.min.js]
[www.gravitee.io/hs/hsstatic/cos-i18n/static-1.53/bundles/project.js]
[www.gravitee.io/hs-fs/hubfs/hub_generated/module_assets/1/69951595816/1744492675539/module_Skip_To_Links_for_Accessibility.min.js]
[www.gravitee.io/hs-fs/hubfs/hub_generated/template_assets/1/67140955727/1744640687247/template_megamenu-custom.min.js]
[www.gravitee.io/hs-fs/hubfs/hub_generated/module_assets/1/187847950112/1744144036930/module_testimonial_scroller.min.js]
[www.gravitee.io/_hcms/forms/v2.js]
[www.gravitee.io/hs/scriptloader/7600448.js]
[www.gravitee.io/hs/hsstatic/HubspotToolsMenu/static-1.432/js/index.js]
[www.gravitee.io/index.html]
[www.gravitee.io/hubfs/Mark.svg]
[cdnjs.cloudflare.com/ajax/libs/prism/1.16.0/prism.min.js]
[static.hsappstatic.net/cos-LanguageSwitcher/static-1.1/img/globe.png]
[www.gravitee.io/hs-fs/hubfs/hub_generated/template_assets/1/65362293811/1744640694258/template_main.min.css]
[www.gravitee.io/hubfs/assets/footer-background-with-gravitee-logomark.jpg]
[www.gravitee.io/hs-fs/hubfs/hub_generated/template_assets/1/65362142503/1744640687105/template_theme-overrides.min.css]
[7600448.fs1.hubspotusercontent-na1.net/hubfs/7600448/Gravitee_2022/Images/Blog/Ellipse_1.png]
[www.gravitee.io/hs-fs/hubfs/hub_generated/template_assets/1/67150940477/1744640684445/template_gravitee-two.min.css]
[7600448.fs1.hubspotusercontent-na1.net/hubfs/7600448/assets/test.png]
[www.gravitee.io/hs-fs/hubfs/hub_generated/template_assets/1/65363705528/1744640692453/template_gravitee.css]
[www.gravitee.io/hubfs/_branding/Background.png]
[www.gravitee.io/hs-fs/hubfs/hub_generated/template_assets/1/187107094582/1744903810393/template_child.min.css]
[www.gravitee.io/hs-fs/hubfs/hub_generated/module_assets/1/69951595816/1744492675539/module_Skip_To_Links_for_Accessibility.min.css]
[www.gravitee.io/hs-fs/hubfs/hub_generated/module_assets/1/65505562701/1744651744947/module_gravitee-mega-menu.min.css]
[www.gravitee.io/hs-fs/hubfs/hub_generated/module_assets/1/65675577449/1744492593822/module_buttons_dual.min.css]
[www.gravitee.io/hs-fs/hubfs/hub_generated/module_assets/1/123505037919/1744492863715/module_vertical_spacer.min.css]
[www.gravitee.io/hs-fs/hubfs/hub_generated/module_assets/1/187800834148/1742831327791/module_gradient_border_image.min.css]
[www.gravitee.io/hs-fs/hubfs/hub_generated/module_assets/1/187807048727/1742921030784/module_logo_scroller.min.css]
[www.gravitee.io/hubfs/_2025/rectangles.png]
[www.gravitee.io/hs-fs/hubfs/hub_generated/module_assets/1/187851309211/1744142712186/module_icon_cards.min.css]
[www.gravitee.io/hs-fs/hubfs/hub_generated/module_assets/1/187847950112/1744144036930/module_testimonial_scroller.min.css]
[www.gravitee.io/hs-fs/hubfs/hub_generated/module_assets/1/187931902621/1744038081549/module_call_to_action_gradient.min.css]
[www.gravitee.io/hs-fs/hubfs/hub_generated/module_assets/1/65512691030/1744144575483/module_global-footer.min.css]
[www.googletagmanager.com/gtm5445.html]
[cdnjs.cloudflare.com/ajax/libs/font-awesome/6.2.0/css/all.min.css]
[client-registry.mutinycdn.com/personalize/client/1ff4dc27bb2bb8c8.js]
[www.gravitee.io/Gravitee_2025/templates/partials/header.html]
[www.gravitee.io/hubfs/Horizontal_DarkMode.svg]
[www.gravitee.io/indexd41d.html]
[www.gravitee.io/hs-fs/hubfs/hub_generated/module_assets/1/167302571927/1744492894460/module_hero_image_with_bg_glow.min.css]
[www.gravitee.io/hs-fs/hubfs/hub_generated/module_assets/1/66329667108/1744492632073/module_logo-grid.min.css]
[www.gravitee.io/hs-fs/hubfs/hub_generated/module_assets/1/167313411595/1744492895362/module_centered_text_with_eyebrow.min.css]
[www.gravitee.io/hs-fs/hubfs/hub_generated/module_assets/1/167390275627/1742392888044/module_Gravitee_Product_Tabs.min.css]
[www.gravitee.io/hs-fs/hubfs/hub_generated/module_assets/1/167503762359/1744492897244/module_Product_Page_Comparison.min.css]
[www.gravitee.io/hs-fs/hubfs/hub_generated/module_assets/1/167503752603/1744492896344/module_Product_Page_Testimonials.min.css]
[www.gravitee.io/platform/Gravitee_2025/templates/partials/header.html]
[www.gravitee.io/platform/api-managementd41d.html]
[www.gravitee.io/hs-fs/hubfs/Screenshot 2023-01-09 at 07-31-1862b3.png]
[www.gravitee.io/hubfs/blueyonder_white.png]
[www.gravitee.io/hubfs/michelinlogo_apimanagement (1).png]
[www.gravitee.io/hubfs/rxsense_white.png]
[www.gravitee.io/hubfs/prosperawhite.png]
[www.gravitee.io/hubfs/assets/graphics-customer-logos-tide@3x.png]
[www.gravitee.io/hubfs/postnl_white.png]
[www.gravitee.io/hubfs/Gravitee_2022/Images/New/Swiss Post.png]
[www.gravitee.io/hubfs/xylem_white.png]
[www.gravitee.io/hubfs/dp-logo-white_2.png]
[www.gravitee.io/hubfs/medimapct.webp]
[www.gravitee.io/hubfs/Roche v2 (1).png]
[www.gravitee.io/hubfs/ey_white_80p.png]
[www.gravitee.io/hubfs/assets/icons-outline-security.svg]
[www.gravitee.io/hs-fs/hubfs/Screenshot 2024-06-12 at 7.54.08 AM5b5e.png]
[www.gravitee.io/hs-fs/hubfs/[Integrations] Overview - Reachable with APIs Created6b04.png]
[www.gravitee.io/hs-fs/hubfs/MULTIFACTORec61.jpg]
[www.gravitee.io/hs-fs/hubfs/cloudhybride921.png]
[www.gravitee.io/hs-fs/hubfs/policies6282.png]
[www.gravitee.io/hs-fs/hubfs/Catalog - Public (2)e71e.png]
[www.gravitee.io/hs-fs/hubfs/Screenshot 2024-06-11 at 3.48.16 PMc9b3.png]
[www.gravitee.io/hubfs/image-png-2.png]
[www.gravitee.io/hs-fs/hubfs/api_oauth2b1d1.png]
[www.gravitee.io/hubfs/Seamless-custom-authentication-with-access-management.gif]
[www.gravitee.io/hubfs/assets/api-design-dark@2x.png]
[www.gravitee.io/hs-fs/hubfs/API-Access-Management-with-Gravitee1a93.png]
[www.gravitee.io/hs-fs/hubfs/assets/api-observability-dark@2xe469.png]
[www.gravitee.io/hs-fs/hubfs/Screenshot 2024-06-21 at 6.53.44 AMf7f7.png]
[www.gravitee.io/hubfs/Icon_Check@2x.png]
[www.gravitee.io/hubfs/Icon_NotAvailable@2x.png]
[www.gravitee.io/hubfs/Icon_Quote Copy@2x.png]
[www.gravitee.io/hs-fs/hubfs/assets/tide-logo2379.png]
[www.gravitee.io/hubfs/Icon_Quote Copy 2@2x.png]
[www.gravitee.io/hs-fs/hubfs/swisspostd546.png]
[www.gravitee.io/platform/Gravitee_2022/templates/partials/footer.html]
[www.gravitee.io/platform/api-management.html]
[www.gravitee.io/hubfs/Gravitee_2022/Images/icons-outline-manage.svg]
[7052064.fs1.hubspotusercontent-na1.net/hubfs/7052064/hub_generated/module_assets/1/-35056501883/1744923783079/module_video.min.css]
[www.gravitee.io/platform/kafka-gatewayd41d.html]
[www.gravitee.io/hubfs/Gravitee_September2021/Images/609a439a4b05c383fb2de6c7_April (1).png]
[www.gravitee.io/hs-fs/hubfs/Roche v2 (1)0e5c.png]
[www.gravitee.io/hubfs/skf-image-1.png]
[www.gravitee.io/hs-fs/hubfs/Screenshot 2024-09-10 at 3.36.46 PM-2ba5d.png]
[www.gravitee.io/hubfs/Check-Circle-2--Streamline-Sharp-1.svg]
[www.gravitee.io/resources/kafka-gateway-datasheet.html]
[www.gravitee.io/hs-fs/hubfs/kafka_productizea33b.jpg]
[www.gravitee.io/hs-fs/hubfs/Screenshot 2024-09-12 at 10.42.1439b3.png]
[www.gravitee.io/hs-fs/hubfs/Screenshot 2024-09-12 at 1.43.54 PMea47.png]
[www.gravitee.io/blog/introducing-the-gravitee-kafka-gateway.html]
[www.gravitee.io/hs-fs/hubfs/image-29be7.png]
[www.gravitee.io/hs-fs/hubfs/Screenshot 2024-09-12 at 1.55.44 PMf221.png]
[www.gravitee.io/hs-fs/hubfs/Screenshot 2024-09-10 at 4.21.35 PMa291.png]
[www.gravitee.io/hubfs/image (3)-1.png]
[www.gravitee.io/hs-fs/hubfs/Screenshot 2024-09-10 at 5.07.52 PMe4a8.png]
[www.gravitee.io/hs-fs/hubfs/Policy studio@3x (1)7f4a.png]
[www.gravitee.io/hs-fs/hubfs/prospera-header-logo652a.png]
[www.gravitee.io/hs-fs/hubfs/Hagebau_Logo.svg312a.png]
[7052064.fs1.hubspotusercontent-na1.net/hubfs/7052064/hub_generated/module_assets/1/-35056501883/1744923783079/module_video.min.js]
[www.gravitee.io/platform/kafka-gateway.html]
[www.gravitee.io/hubfs/Gravitee_2022/Images/icons-outline-deployment.svg]
[static.hsappstatic.net/video-embed/ex/loader.js]
[www.gravitee.io/platform/agent-meshd41d.html]
[www.gravitee.io/hs-fs/hubfs/Agent Details - Lineage5c34.png]
[www.gravitee.io/hubfs/Laptop-Search--Streamline-Sharp.png]
[www.gravitee.io/hubfs/Hierarchy-14--Streamline-Sharp.png]
[www.gravitee.io/hubfs/Floating-Keyboard-Case-Tablet--Streamline-Sharp.png]
[www.gravitee.io/hubfs/Design-1.png]
[www.gravitee.io/hubfs/Agent Catalog.png]
[www.gravitee.io/hubfs/Design-2.png]
[www.gravitee.io/hubfs/Data-Analytics--Streamline-Sharp.png]
[www.gravitee.io/hubfs/Login-2--Streamline-Sharp.png]
[www.gravitee.io/hubfs/Pathfinder-Crop--Streamline-Sharp.png]
[www.gravitee.io/hubfs/agent-platforms.png]
[www.gravitee.io/hubfs/agentmesh_insights.png]
[www.gravitee.io/hubfs/Lock-Rotation--Streamline-Sharp.png]
[www.gravitee.io/hubfs/Target-Check--Streamline-Sharp.png]
[www.gravitee.io/hubfs/Scan-Document-Focus--Streamline-Sharp.png]
[www.gravitee.io/hubfs/Agent Details - Lineage.png]
[www.gravitee.io/hs-fs/hubfs/agent_cost_optimization2ef8.png]
[www.gravitee.io/hubfs/Blue Yonder (1).svg]
[www.gravitee.io/hubfs/xylem-vector-logo.svg]
[www.gravitee.io/platform/agent-mesh.html]
[www.gravitee.io/hubfs/_branding/icons/icons-outline-ai-v2.svg]
[www.gravitee.io/platform/federated-api-managementd41d.html]
[www.gravitee.io/hs-fs/hubfs/image (8)f8f7.png]
[www.gravitee.io/hubfs/Graph-Bar--Streamline-Sharp.png]
[www.gravitee.io/hs-fs/hubfs/Overview 333e7.png]
[www.gravitee.io/hs-fs/hubfs/[APIs] Configuration - Details9bad.png]
[www.gravitee.io/hubfs/Catalog - Public.png]
[www.gravitee.io/hs-fs/hubfs/Documentation - Analytics-18845.png]
[www.gravitee.io/hubfs/Document-Setting-Gear--Streamline-Sharp.png]
[www.gravitee.io/hubfs/[Integrations] Overview - APIs Import Process.png]
[www.gravitee.io/hubfs/[Integrations] Overview - Reachable with APIs Created.png]
[www.gravitee.io/hs-fs/hubfs/[APIs] Plansf3a6.png]
[www.gravitee.io/hs-fs/hubfs/Documentation - Default Pagesd8f7.png]
[www.gravitee.io/hubfs/APIs List.png]
[www.gravitee.io/hs-fs/hubfs/API - Documentation-19bcb.png]
[www.gravitee.io/hubfs/File-Bookmark--Streamline-Sharp.png]
[www.gravitee.io/hubfs/Add-Layer-1--Streamline-Sharp.png]
[www.gravitee.io/hubfs/Paint-Palette--Streamline-Sharp.png]
[www.gravitee.io/hubfs/Share-Lock--Streamline-Sharp.png]
[www.gravitee.io/hubfs/API - My Subscriptions - Empty.png]
[www.gravitee.io/hs-fs/hubfs/Categoriescbc0.png]
[www.gravitee.io/hubfs/Catalog - Public (2).png]
[www.gravitee.io/platform/federated-api-management.html]
[www.gravitee.io/platform/api-gatewayd41d.html]
[www.gravitee.io/hs-fs/hubfs/api_expose_kafka5bfa.png]
[www.gravitee.io/hs-fs/hubfs/Catalog - Publicabab.png]
[www.gravitee.io/hubfs/kubernetes.png]
[www.gravitee.io/hs-fs/hubfs/debugf2b8.png]
[www.gravitee.io/hubfs/assets/api-management-dark@2x.png]
[www.gravitee.io/platform/api-gateway.html]
[www.gravitee.io/platform/api-designerd41d.html]
[www.gravitee.io/hs-fs/hubfs/Document - Request8141.png]
[www.gravitee.io/hubfs/Paintbrush-2--Streamline-Sharp.png]
[www.gravitee.io/hubfs/Flash-Timer--Streamline-Sharp.png]
[www.gravitee.io/hubfs/Deploy-Rules--Streamline-Sharp.png]
[www.gravitee.io/hubfs/Data Model Attribute - Define.png]
[www.gravitee.io/hubfs/Document - Response Added.png]
[www.gravitee.io/hubfs/▶️ Push - no environment.png]
[www.gravitee.io/platform/api-designer.html]
[www.gravitee.io/hubfs/Gravitee_2022/Images/icons-outline-design.svg]
[www.gravitee.io/en/platform/Gravitee_2025/templates/partials/header.html]
[www.gravitee.io/en/platform/access-managementd41d.html]
[www.gravitee.io/hs-fs/hubfs/third_block_conditional_mfa (1)1a4d.jpg]
[www.gravitee.io/hubfs/No-Poverty--Streamline-Sharp (1).png]
[www.gravitee.io/hubfs/Fingerprint-Lock-Privacy--Streamline-Sharp.png]
[www.gravitee.io/hs-fs/hubfs/first_block_user_authentication4408.jpg]
[www.gravitee.io/hs-fs/hubfs/first_block_mfaea8f.jpg]
[www.gravitee.io/hubfs/User-Identifier-Card--Streamline-Sharp.png]
[www.gravitee.io/hubfs/Hierarchy-4--Streamline-Sharp.png]
[www.gravitee.io/hubfs/Lock-Rotation--Streamline-Sharp (1).png]
[www.gravitee.io/hubfs/Share-Link-Lock--Streamline-Sharp (1).png]
[www.gravitee.io/hs-fs/hubfs/Multi-Factor Auth Verificationedf3.png]
[www.gravitee.io/hs-fs/hubfs/second_block_identity_federationb917.jpg]
[www.gravitee.io/hs-fs/hubfs/second_block_passwordless1868.jpg]
[www.gravitee.io/hs-fs/hubfs/second_block_flow_designed75.jpg]
[www.gravitee.io/hubfs/Phone-Otp--Streamline-Sharp.png]
[www.gravitee.io/hubfs/Steps-2--Streamline-Sharp.png]
[www.gravitee.io/hubfs/Stairs-1--Streamline-Sharp.png]
[www.gravitee.io/hubfs/Threat-Monitor--Streamline-Sharp.png]
[www.gravitee.io/hs-fs/hubfs/third_block_resources_and_factors4db9.jpg]
[www.gravitee.io/hs-fs/hubfs/third_block_step_up_auth5d0d.jpg]
[www.gravitee.io/hs-fs/hubfs/third_block_risk_based_mfaaf1f.jpg]
[www.gravitee.io/hubfs/Key-Frame--Streamline-Sharp.png]
[www.gravitee.io/hubfs/Remove-Filter-Slide--Streamline-Sharp.png]
[www.gravitee.io/hubfs/Share-Link-Block--Streamline-Sharp.png]
[www.gravitee.io/hs-fs/hubfs/billo color logo_Billo colorb111.png]
[www.gravitee.io/en/platform/Gravitee_2022/templates/partials/footer.html]
[www.gravitee.io/en/platform/access-management.html]
[www.gravitee.io/hubfs/Gravitee_2022/Images/icons-outline-security.svg]
[www.gravitee.io/platform/api-observabilityd41d.html]
[www.gravitee.io/hs-fs/hubfs/assets/api-observability@2x3871.png]
[www.gravitee.io/hubfs/Heart-Rate--Streamline-Sharp.png]
[www.gravitee.io/hubfs/Hierarchy-5--Streamline-Sharp.png]
[www.gravitee.io/hubfs/Ringing-Bell-Notification--Streamline-Sharp.png]
[www.gravitee.io/hs-fs/hubfs/Catalog - Public (1)b942.png]
[www.gravitee.io/hs-fs/hubfs/API - Documentation (1)8d17.png]
[www.gravitee.io/hubfs/APIs List-1.png]
[www.gravitee.io/platform/api-observability.html]
[www.gravitee.io/hubfs/assets/icons-outline-observability.svg]
[www.gravitee.io/platform/api-developer-portald41d.html]
[www.gravitee.io/hubfs/Hierarchy-2--Streamline-Sharp.png]
[www.gravitee.io/hubfs/Usb-Port--Streamline-Sharp.png]
[www.gravitee.io/hubfs/Paintbrush-1--Streamline-Sharp.png]
[www.gravitee.io/hubfs/API - My Subscriptions - Details Under Admin Review.png]
[www.gravitee.io/hs-fs/hubfs/Customization - Themeec30.png]
[www.gravitee.io/hubfs/Magnifying-Glass-Square--Streamline-Sharp.svg]
[www.gravitee.io/hubfs/Hierarchy-14--Streamline-Sharp.svg]
[www.gravitee.io/hubfs/Hierarchy-15--Streamline-Sharp.png]
[www.gravitee.io/hubfs/Double-Line-Arrow-Up--Streamline-Sharp.png]
[www.gravitee.io/hubfs/Serving-Dome--Streamline-Sharp.svg]
[www.gravitee.io/hubfs/Categories.png]
[www.gravitee.io/platform/streaming-proxies.html]
[www.gravitee.io/hubfs/Frame 2199605.png]
[www.gravitee.io/hs-fs/hubfs/API - My Subscriptions - API Keyd938.png]
[www.gravitee.io/hubfs/Share-Link-Lock--Streamline-Sharp.png]
[www.gravitee.io/hs-fs/hubfs/Screenshot 2024-06-13 at 2.02.23 PM2c5b.png]
[www.gravitee.io/hs-fs/hubfs/Screenshot 2024-06-13 at 2.04.26 PM696c.png]
[www.gravitee.io/hs-fs/hubfs/Screenshot 2024-06-13 at 2.09.13 PM79fe.png]
[www.gravitee.io/hubfs/Copy-Document--Streamline-Sharp.png]
[www.gravitee.io/hubfs/Test-Tube--Streamline-Sharp.png]
[www.gravitee.io/hs-fs/hubfs/Screenshot 2024-06-13 at 2.25.02 PMa394.png]
[www.gravitee.io/hs-fs/hubfs/Screenshot 2024-06-13 at 2.24.01 PM4ccf.png]
[www.gravitee.io/hs-fs/hubfs/Screenshot 2024-06-13 at 2.25.16 PM6e88.png]
[www.gravitee.io/hs-fs/hubfs/Screenshot 2024-06-25 at 2.29.24 PM3c81.png]
[www.gravitee.io/platform/api-developer-portal.html]
[www.gravitee.io/hubfs/Gravitee_2022/Images/icons-outline-chart.svg]
[www.gravitee.io/hs-fs/hubfs/hub_generated/module_assets/1/180038426475/1744492907070/module_Pricing_Buttons_Toggle.min.css]
[www.gravitee.io/hs-fs/hubfs/hub_generated/module_assets/1/168166371888/1744492899329/module_pricing_cards_2024.min.css]
[www.gravitee.io/hs-fs/hubfs/hub_generated/module_assets/1/168164272762/1744492898147/module_pricing_table_detailed_2024.min.css]
[www.gravitee.io/hubfs/grav-bg-v4.png]
[www.gravitee.io/pricingd41d.html]
[www.gravitee.io/pricing-kafka.html]
[www.gravitee.io/hubfs/assets/graphics-customer-logos-auchan@3x.png]
[www.gravitee.io/hubfs/assets/icons-checkmark.png]
[www.gravitee.io/hs-fs/hubfs/hub_generated/module_assets/1/168164272762/1744492898147/module_pricing_table_detailed_2024.min.js]
[www.gravitee.io/pricing.html]
[www.gravitee.io/hubfs/Gravitee_2022/Images/icons-pricing.svg]
[assets.revenuehero.io/scheduler.prod.min.js]
[www.gravitee.io/hs-fs/hubfs/hub_generated/module_assets/1/66862209886/1744492638812/module_gravitee-code-tabs.min.css]
[www.gravitee.io/downloadsd41d.html]
[www.gravitee.io/hubfs/Icons/Documentation Icon.webp]
[www.gravitee.io/hubfs/Icons/Refresh Icon.webp]
[www.gravitee.io/downloads.html]
[www.gravitee.io/hubfs/Gravitee_2022/Images/icons-docker.svg]
[www.gravitee.io/hubfs/Gravitee_2022/Images/icons-kubernetes.svg]
[www.gravitee.io/hubfs/Gravitee_2022/Images/icons-zip.svg]
[www.gravitee.io/hubfs/jquery.fancybox.min.css]
[www.gravitee.io/hs-fs/hubfs/hub_generated/module_assets/1/65763546210/1744492594758/module_Text_Card.min.css]
[www.gravitee.io/hs-fs/hubfs/hub_generated/module_assets/1/123409370944/1742316048247/module_gravitee-tabs_how_it_works.min.css]
[www.gravitee.io/hs-fs/hubfs/hub_generated/module_assets/1/65864854586/1744492597702/module_Quick_Links.min.css]
[www.gravitee.io/hubfs/grav-bg-new-v3.png]
[www.gravitee.io/how-it-worksd41d.html]
[www.gravitee.io/hubfs/assets/icons-outline-design.svg]
[www.gravitee.io/hubfs/AWS-white.png]
[www.gravitee.io/hubfs/azure-white.png]
[www.gravitee.io/hubfs/kong-white-1.png]
[www.gravitee.io/hubfs/Tyk-white.png]
[www.gravitee.io/hubfs/apigee-white-1.png]
[www.gravitee.io/hubfs/mulesoft-white-1.png]
[www.gravitee.io/hubfs/jquery.fancybox.min.js]
[www.gravitee.io/how-it-works.html]
[www.gravitee.io/hs-fs/hubfs/hub_generated/module_assets/1/123409370944/1742316048247/module_gravitee-tabs_how_it_works.js]
[www.gravitee.io/hs-fs/hubfs/hub_generated/module_assets/1/84461012806/1744492710221/module_pillar-with-nav.min.css]
[www.gravitee.io/hubfs/grav-bg-new-v2.jpg]
[www.gravitee.io/use-cases/Gravitee_2025/templates/partials/header.html]
[www.gravitee.io/use-cases/micorservices-kubernetesd41d.html]
[no-cache.hubspot.com/cta/default/7600448/36d8aa65-e3c2-4ac3-ab1f-4e1d2181be0b.png]
[www.gravitee.io/hs/cta/cta/current.js]
[www.gravitee.io/use-cases/micorservices-kubernetes.html]
[www.gravitee.io/use-cases/api-securityd41d.html]
[www.gravitee.io/resources/api-security-whitepaper.html]
[www.gravitee.io/use-cases/api-security.html]
[www.gravitee.io/use-cases/reliabilityd41d.html]
[www.gravitee.io/use-cases/reliability.html]
[www.gravitee.io/use-cases/event-brokersd41d.html]
[www.gravitee.io/use-cases/event-brokers.html]
[www.gravitee.io/use-cases/api-monetizationd41d.html]
[www.gravitee.io/use-cases/api-monetization.html]
[www.gravitee.io/use-cases/api-catalog-developer-portald41d.html]
[www.gravitee.io/use-cases/api-catalog-developer-portal.html]
[www.gravitee.io/hs-fs/hubfs/hub_generated/module_assets/1/65529173148/1744492592869/module_icon-card.min.css]
[www.gravitee.io/hs-fs/hubfs/hub_generated/module_assets/1/65795060875/1744492596766/module_success-story-card.min.css]
[www.gravitee.io/hs-fs/hubfs/hub_generated/module_assets/1/65969655604/1742402515145/module_gravitee-platform-tabs.min.css]
[www.gravitee.io/industry/Gravitee_2025/templates/partials/header.html]
[www.gravitee.io/industry/financial-services-bankingd41d.html]
[www.gravitee.io/hubfs/Union.svg]
[www.gravitee.io/hubfs/Union-1.svg]
[www.gravitee.io/hubfs/Vector.svg]
[www.gravitee.io/hubfs/Mask group.png]
[www.gravitee.io/hs-fs/hubfs/assets/tide-logoff7e.png]
[www.gravitee.io/resources/tide.html]
[www.gravitee.io/hubfs/assets/icons-outline-manage.svg]
[www.gravitee.io/hubfs/assets/icons-outline-deployment.svg]
[www.gravitee.io/hubfs/assets/icons-outline-chart.svg]
[www.gravitee.io/hubfs/assets/api-access-management-dark@2x.png]
[www.gravitee.io/hubfs/assets/api-deployment-dark@2x.png]
[www.gravitee.io/hubfs/assets/api-observability-dark@2x.png]
[www.gravitee.io/industry/financial-services-banking.html]
[www.gravitee.io/industry/insurance-insure-techd41d.html]
[www.gravitee.io/hubfs/Subtract (1).svg]
[www.gravitee.io/hubfs/Union (1).svg]
[www.gravitee.io/hubfs/Subtract (2).svg]
[www.gravitee.io/hubfs/assets/dark-blue-circle-icon.png]
[www.gravitee.io/hs-fs/hubfs/assets/april-logo10a6.png]
[www.gravitee.io/resources/api-management-plays-a-huge-part-in-software-expansion.html]
[www.gravitee.io/industry/insurance-insure-tech.html]
[www.gravitee.io/industry/travel-hospitalityd41d.html]
[www.gravitee.io/hubfs/Union (2).svg]
[www.gravitee.io/hubfs/Union (3).svg]
[www.gravitee.io/hubfs/Union (4).svg]
[www.gravitee.io/hs-fs/hubfs/IWM  Case Study2daa.png]
[www.gravitee.io/resources/iwm.html]
[www.gravitee.io/industry/travel-hospitality.html]
[www.gravitee.io/industry/software-saasd41d.html]
[www.gravitee.io/hubfs/Union (5).svg]
[www.gravitee.io/hubfs/Vector (3).svg]
[www.gravitee.io/hubfs/Union (6).svg]
[www.gravitee.io/platform/service-management-ecosystem.html]
[www.gravitee.io/industry/software-saas.html]
[www.gravitee.io/industry/telecom-mediad41d.html]
[www.gravitee.io/hubfs/Vector (4).svg]
[www.gravitee.io/hubfs/Union (7).svg]
[www.gravitee.io/hubfs/Union (8).svg]
[www.gravitee.io/hs-fs/hubfs/IWM  Case Study7eae.png]
[www.gravitee.io/industry/telecom-media.html]
[www.gravitee.io/industry/governmentd41d.html]
[www.gravitee.io/hubfs/Subtract (3).svg]
[www.gravitee.io/hubfs/Vector (5).svg]
[www.gravitee.io/hubfs/Union (9).svg]
[www.gravitee.io/hs-fs/hubfs/assets/sdfe-logo277b.png]
[www.gravitee.io/resources/sdfe.html]
[www.gravitee.io/industry/government.html]
[www.gravitee.io/industry/transportationd41d.html]
[www.gravitee.io/hubfs/Union (10).svg]
[www.gravitee.io/hubfs/Union (11).svg]
[www.gravitee.io/hubfs/Subtract (4).svg]
[www.gravitee.io/hs-fs/hubfs/Invers-1c056.png]
[www.gravitee.io/resources/invers-reduce-complexity-tco.html]
[www.gravitee.io/industry/transportation.html]
[www.gravitee.io/industry/manufacturingd41d.html]
[www.gravitee.io/hubfs/Subtract (5).svg]
[www.gravitee.io/hubfs/Union (12).svg]
[www.gravitee.io/hubfs/Subtract (6).svg]
[www.gravitee.io/hs-fs/hubfs/Invers-195a7.png]
[www.gravitee.io/industry/manufacturing.html]
[www.gravitee.io/industry/healthcared41d.html]
[www.gravitee.io/hubfs/Vector (6).svg]
[www.gravitee.io/hubfs/Subtract (7).svg]
[www.gravitee.io/hubfs/Vector (7).svg]
[www.gravitee.io/hs-fs/hubfs/assets/sdfe-logo36fa.png]
[www.gravitee.io/industry/healthcare.html]
[www.gravitee.io/industry/general-otherd41d.html]
[www.gravitee.io/hubfs/Vector-1.svg]
[www.gravitee.io/industry/general-other.html]
[www.gravitee.io/hs-fs/hubfs/hub_generated/module_assets/1/66332995091/1744492632976/module_stats-grid.min.css]
[www.gravitee.io/hs-fs/hubfs/hub_generated/module_assets/1/66448306804/1744492635274/module_Team.min.css]
[www.gravitee.io/companyd41d.html]
[www.gravitee.io/hubfs/Santander Logo-White.png]
[www.gravitee.io/hubfs/Gravitee_Lisbon25_Headshots-7.jpg]
[www.gravitee.io/hubfs/Gravitee_Lisbon25_Headshots-37.jpg]
[www.gravitee.io/hubfs/Gravitee_Lisbon25_Headshots-30.jpg]
[www.gravitee.io/hubfs/Gravitee_Lisbon25_Headshots-50.jpg]
[www.gravitee.io/hubfs/Gravitee_Lisbon25_Headshots-12.jpg]
[www.gravitee.io/hubfs/Gravitee_Lisbon25_Headshots-45.jpg]
[www.gravitee.io/hubfs/Gravitee_Lisbon25_Headshots-18-1.jpg]
[www.gravitee.io/hubfs/Gravitee_Lisbon25_Headshots-23.jpg]
[www.gravitee.io/hs-fs/hubfs/WhatsApp Image 2024-11-06 at 11.39.38 (1)56ba.jpg]
[www.gravitee.io/hs-fs/hubfs/Open Source written on a wooden cube in front of a laptopf7db.jpg]
[www.gravitee.io/company.html]
[www.gravitee.io/hs-fs/hubfs/hub_generated/module_assets/1/66425453722/1744492633881/module_Partner_Filter.min.css]
[www.gravitee.io/partnersd41d.html]
[www.gravitee.io/hubfs/Assets/7-Jul-21 Partner programme Brochure .docx-2.pdf]
[www.gravitee.io/hs-fs/hubfs/Solace_Logo_White512e.png]
[www.gravitee.io/partners/technology/solace1636.html]
[www.gravitee.io/hs-fs/hubfs/CGI_logo.svgf3ac.png]
[www.gravitee.io/hs-fs/hubfs/Redpill-Linpro-logo-red-600px178b.png]
[www.gravitee.io/hs-fs/hubfs/chakray-logo-white-red-01 (1)c8e9.png]
[www.gravitee.io/hs-fs/hubfs/Gravitee_September2021/Images/AppyThings-Logo-headerba6b.png]
[www.gravitee.io/hs-fs/hubfs/SoftwareOne_Logo_Lrg_RGB_Revb3e8.png]
[www.gravitee.io/hs-fs/hubfs/Gravitee_September2021/Images/Miriade-logo-white9e88.png]
[www.gravitee.io/hs-fs/hubfs/Gravitee_September2021/Images/Finnova-white9613.png]
[www.gravitee.io/hs-fs/hubfs/Gravitee_September2021/Images/Devoteam-white0bbf.png]
[www.gravitee.io/hs-fs/hubfs/Gravitee_September2021/Images/IW-Connect-white24d3.png]
[www.gravitee.io/hubfs/Axxiome_Logo_white.svg]
[www.gravitee.io/hs-fs/hubfs/Gravitee_September2021/Images/apizr-whitee3c2.png]
[www.gravitee.io/hs-fs/hubfs/Gravitee_September2021/Images/FiveTran-whitec396.png]
[www.gravitee.io/hs-fs/hubfs/Gravitee_September2021/Images/_medium_350_350b952.png]
[www.gravitee.io/hs-fs/hubfs/Gravitee_September2021/Images/Falcorp-High-res-logo6343.png]
[www.gravitee.io/hs-fs/hubfs/Gravitee_September2021/Images/SOLITA_Whitecd53.png]
[www.gravitee.io/hubfs/Gravitee_September2021/Images/cynnent-logo-lite 1.svg]
[www.gravitee.io/hs-fs/hubfs/Gravitee_September2021/Images/6154454982f2d65a75fbb279_novo-logo-lyo-transparente73e.png]
[www.gravitee.io/hs-fs/hubfs/anchr8cab.png]
[www.gravitee.io/hs-fs/hubfs/EveryWare701d.png]
[www.gravitee.io/hs-fs/hubfs/Agilite Groupf5a4.png]
[www.gravitee.io/hs-fs/hubfs/Tages-1633b.png]
[www.gravitee.io/hs-fs/hubfs/Infomeisd96e.png]
[www.gravitee.io/hs-fs/hubfs/Merge-Iot-1ed76.png]
[www.gravitee.io/hs-fs/hubfs/Artha Solutionsd0ab.png]
[www.gravitee.io/hs-fs/hubfs/logo_g19a5.gif]
[www.gravitee.io/hs-fs/hubfs/Next_Baseline_Blancf993.png]
[www.gravitee.io/hs-fs/hubfs/Excelsa logo-black-blue6a87.png]
[www.gravitee.io/hs-fs/hubfs/mambu-logo-primary-rgb2393.jpg]
[www.gravitee.io/hs-fs/hubfs/bebbay white logocfd5.png]
[www.gravitee.io/hs-fs/hubfs/image (9)f519.png]
[www.gravitee.io/hs-fs/hubfs/logo_global_seis_final_s1 TRANSPARENTE - copia7de7.png]
[www.gravitee.io/hs-fs/hubfs/LogoSmile48c7.png]
[www.gravitee.io/hs-fs/hubfs/Logo Accetal HDd054.png]
[www.gravitee.io/hs-fs/hubfs/i8c-square-white-rgb-11e2c.png]
[www.gravitee.io/hs-fs/hubfs/heiliger_tech_logo_500x500 (1)b0f9.jpg]
[www.gravitee.io/hs-fs/hubfs/conapi_logo_lime1117.png]
[www.gravitee.io/hs-fs/hubfs/CLARANET + MMH - main logof9b1.png]
[www.gravitee.io/partners.html]
[www.gravitee.io/hs-fs/hubfs/hub_generated/module_assets/1/66425453722/1744492633881/module_Partner_Filter.min.js]
[www.gravitee.io/hs-fs/hubfs/hub_generated/module_assets/1/150435797295/1743167689870/module_Resource_Categories.min.css]
[www.gravitee.io/hs-fs/hubfs/hub_generated/module_assets/1/179326726687/1744492906131/module_Case_Study_Cards.min.css]
[www.gravitee.io/case-studiesd41d.html]
[www.gravitee.io/resources/tag/whitepaper.html]
[www.gravitee.io/resources/tag/ebook.html]
[www.gravitee.io/resources/tag/webinar.html]
[www.gravitee.io/case-studies/eurostar.html]
[www.gravitee.io/hs-fs/hubfs/Eurostar-Logo-183de.png]
[www.gravitee.io/case-studies/how-a-global-sports-leader-scored-with-gravitees-kafka-integration.html]
[www.gravitee.io/hs-fs/hubfs/Screenshot 2024-11-05 at 2.52.50 PM0192.png]
[www.gravitee.io/case-studies/supply-chain-management-with-gravitee-kafka-gateway.html]
[www.gravitee.io/hs-fs/hubfs/napkin-selection (3)183c.png]
[www.gravitee.io/case-studies/swisspost.html]
[www.gravitee.io/hs-fs/hubfs/SwissPostf486.png]
[www.gravitee.io/case-studies/verint.html]
[www.gravitee.io/case-studies.html]
[www.gravitee.io/about/diversity-equity-and-inclusion.html]
[www.gravitee.io/careers.html]
[www.gravitee.io/api-management-buyers-guide-event-native.html]
[www.gravitee.io/comparison/gravitee-vs-kong.html]
[www.gravitee.io/comparison/gravitee-vs-tyk.html]
[www.gravitee.io/comparison/gravitee-vs-mulesoft.html]
[www.gravitee.io/comparison/gravitee-vs-apigee.html]
[www.gravitee.io/comparison/gravitee-vs-azure.html]
[www.gravitee.io/comparison/gravitee-vs-aws.html]
[platform.linkedin.com/in.js]
[www.gravitee.io/resources.html]
[www.gravitee.io/hubfs/Gravitee_2022/Images/icons-outline-book.svg]
[www.gravitee.io/blog.html]
[www.gravitee.io/hubfs/Gravitee_2022/Images/icons-outline-text-file.svg]
[www.gravitee.io/demo-center.html]
[www.gravitee.io/hubfs/Gravitee_2022/Images/icons-outline-video.svg]
[www.gravitee.io/hubfs/Gravitee_2022/Images/icons-outline-calendar.svg]
[www.gravitee.io/hubfs/Gravitee_2022/Images/icons-outline-computer.svg]
[www.gravitee.io/hubfs/Gravitee_2022/Images/icons-outline-documentation.svg]
[www.gravitee.io/hubfs/Gravitee_2022/Images/icons-outline-community.svg]
[www.gravitee.io/contact-us.html]
[www.gravitee.io/hubfs/Gravitee_2022/Images/icons-outline-star.svg]
[www.gravitee.io/certification.html]
[www.gravitee.io/demo.html]
[www.gravitee.io/solution/api-monitoring-alerts.html]
[www.gravitee.io/solution/api-standardization.html]
[www.gravitee.io/solution/microservices.html]
[www.gravitee.io/solution/developer-portal.html]
[www.gravitee.io/solution/api-first.html]
[www.gravitee.io/solution/cloud-transformation.html]
[www.gravitee.io/solution/api-discoverability.html]
[www.gravitee.io/solution/api-security.html]
[www.gravitee.io/solution/devops.html]
[www.gravitee.io/solution/api-management.html]
[www.gravitee.io/solution/event-driven-architecture-and-apis.html]
[www.gravitee.io/industry/retail-ecommerce-consumer-goods.html]
[www.gravitee.io/hubfs/_branding/icons/eye.svg]
[www.gravitee.io/hubfs/_branding/icons/briefcase.svg]
[www.gravitee.io/hubfs/_branding/icons/profile-2user.svg]
[www.gravitee.io/hubfs/_branding/icons/setting-2.svg]
[www.gravitee.io/hubfs/_branding/icons/shield-tick.svg]
[www.gravitee.io/hubfs/_branding/icons/message-programming.svg]
[www.gravitee.io/hubfs/_branding/icons/crown-2.svg]
[www.gravitee.io/hubfs/_branding/icons/magicpen.svg]
[www.gravitee.io/hubfs/_branding/icons/search-status.svg]
[cdn.jsdelivr.net/npm/@splidejs/splide@4.1.4/dist/css/splide.min.css]
[www.gravitee.io/Gravitee_2022/templates/partials/footer.html]
[www.gravitee.io/platform/cockpit.html]
[www.gravitee.io/branding.html]
[www.gravitee.io/hubfs/Gravitee_2022/Images/linkedin-fill.svg]
[www.gravitee.io/hubfs/Gravitee_2022/Images/twitter-fill.svg]
[www.gravitee.io/hubfs/Gravitee_2022/Images/github-fill.svg]
[www.gravitee.io/hubfs/Gravitee_2022/Images/facebook-circle-fill.svg]
[www.gravitee.io/hubfs/discourse logo white.svg]
[www.gravitee.io/hubfs/Horizontal_DarkMode.svg]
[www.gravitee.io/privacy-policy.html]
[www.gravitee.io/legal.html]
[www.gravitee.io/security-at-gravitee.html]
[www.gravitee.io/hs-fs/hubfs/hub_generated/module_assets/1/167302571927/1744492894460/module_hero_image_with_bg_glow.min.css]
[www.gravitee.io/hs-fs/hubfs/hub_generated/module_assets/1/66329667108/1744492632073/module_logo-grid.min.css]
[www.gravitee.io/hs-fs/hubfs/hub_generated/module_assets/1/167313411595/1744492895362/module_centered_text_with_eyebrow.min.css]
[www.gravitee.io/hs-fs/hubfs/hub_generated/module_assets/1/167390275627/1742392888044/module_Gravitee_Product_Tabs.min.css]
[www.gravitee.io/hs-fs/hubfs/hub_generated/module_assets/1/167503762359/1744492897244/module_Product_Page_Comparison.min.css]
[www.gravitee.io/hs-fs/hubfs/hub_generated/module_assets/1/167503752603/1744492896344/module_Product_Page_Testimonials.min.css]
[www.gravitee.io/platform/Gravitee_2025/templates/partials/header.html]
[www.gravitee.io/platform/api-managementd41d.html]
[www.gravitee.io/hubfs/assets/icons-outline-security.svg]
[www.gravitee.io/platform/Gravitee_2022/templates/partials/footer.html]
[7052064.fs1.hubspotusercontent-na1.net/hubfs/7052064/hub_generated/module_assets/1/-35056501883/1744923783079/module_video.min.css]
[www.gravitee.io/platform/kafka-gatewayd41d.html]
[www.gravitee.io/hubfs/Check-Circle-2--Streamline-Sharp-1.svg]
[www.gravitee.io/resources/kafka-gateway-datasheet.html]
[www.gravitee.io/blog/introducing-the-gravitee-kafka-gateway.html]
[www.gravitee.io/platform/agent-meshd41d.html]
[www.gravitee.io/hubfs/Blue Yonder (1).svg]
[www.gravitee.io/hubfs/xylem-vector-logo.svg]
[platform-api.sharethis.com/js/sharethis.js]
[www.gravitee.io/platform/federated-api-managementd41d.html]
[www.gravitee.io/platform/api-gatewayd41d.html]
[www.gravitee.io/platform/api-designerd41d.html]
[www.gravitee.io/en/platform/Gravitee_2025/templates/partials/header.html]
[www.gravitee.io/en/platform/access-managementd41d.html]
[www.gravitee.io/en/platform/Gravitee_2022/templates/partials/footer.html]
[www.gravitee.io/platform/api-observabilityd41d.html]
[www.gravitee.io/platform/api-developer-portald41d.html]
[www.gravitee.io/hubfs/Magnifying-Glass-Square--Streamline-Sharp.svg]
[www.gravitee.io/hubfs/Hierarchy-14--Streamline-Sharp.svg]
[www.gravitee.io/hubfs/Serving-Dome--Streamline-Sharp.svg]
[www.gravitee.io/platform/streaming-proxies.html]
[www.gravitee.io/hs-fs/hubfs/hub_generated/module_assets/1/180038426475/1744492907070/module_Pricing_Buttons_Toggle.min.css]
[www.gravitee.io/hs-fs/hubfs/hub_generated/module_assets/1/168166371888/1744492899329/module_pricing_cards_2024.min.css]
[www.gravitee.io/hs-fs/hubfs/hub_generated/module_assets/1/168164272762/1744492898147/module_pricing_table_detailed_2024.min.css]
[www.gravitee.io/pricingd41d.html]
[www.gravitee.io/pricing-kafka.html]
[www.gravitee.io/hs-fs/hubfs/hub_generated/module_assets/1/66862209886/1744492638812/module_gravitee-code-tabs.min.css]
[www.gravitee.io/downloadsd41d.html]
[www.gravitee.io/hubfs/jquery.fancybox.min.css]
[www.gravitee.io/hs-fs/hubfs/hub_generated/module_assets/1/65763546210/1744492594758/module_Text_Card.min.css]
[www.gravitee.io/hs-fs/hubfs/hub_generated/module_assets/1/123409370944/1742316048247/module_gravitee-tabs_how_it_works.min.css]
[www.gravitee.io/hs-fs/hubfs/hub_generated/module_assets/1/65864854586/1744492597702/module_Quick_Links.min.css]
[www.gravitee.io/how-it-worksd41d.html]
[www.gravitee.io/hubfs/assets/icons-outline-design.svg]
[www.gravitee.io/hs-fs/hubfs/hub_generated/module_assets/1/84461012806/1744492710221/module_pillar-with-nav.min.css]
[www.gravitee.io/use-cases/Gravitee_2025/templates/partials/header.html]
[www.gravitee.io/use-cases/micorservices-kubernetesd41d.html]
[www.gravitee.io/use-cases/api-securityd41d.html]
[www.gravitee.io/resources/api-security-whitepaper.html]
[www.gravitee.io/use-cases/reliabilityd41d.html]
[www.gravitee.io/use-cases/event-brokersd41d.html]
[www.gravitee.io/use-cases/api-monetizationd41d.html]
[www.gravitee.io/use-cases/api-catalog-developer-portald41d.html]
[www.gravitee.io/hs-fs/hubfs/hub_generated/module_assets/1/65529173148/1744492592869/module_icon-card.min.css]
[www.gravitee.io/hs-fs/hubfs/hub_generated/module_assets/1/65795060875/1744492596766/module_success-story-card.min.css]
[www.gravitee.io/hs-fs/hubfs/hub_generated/module_assets/1/65969655604/1742402515145/module_gravitee-platform-tabs.min.css]
[www.gravitee.io/industry/Gravitee_2025/templates/partials/header.html]
[www.gravitee.io/industry/financial-services-bankingd41d.html]
[www.gravitee.io/hubfs/Union.svg]
[www.gravitee.io/hubfs/Union-1.svg]
[www.gravitee.io/hubfs/Vector.svg]
[www.gravitee.io/resources/tide.html]
[www.gravitee.io/hubfs/assets/icons-outline-manage.svg]
[www.gravitee.io/hubfs/assets/icons-outline-deployment.svg]
[www.gravitee.io/hubfs/assets/icons-outline-chart.svg]
[www.gravitee.io/industry/insurance-insure-techd41d.html]
[www.gravitee.io/hubfs/Subtract (1).svg]
[www.gravitee.io/hubfs/Union (1).svg]
[www.gravitee.io/hubfs/Subtract (2).svg]
[www.gravitee.io/resources/api-management-plays-a-huge-part-in-software-expansion.html]
[www.gravitee.io/industry/travel-hospitalityd41d.html]
[www.gravitee.io/hubfs/Union (2).svg]
[www.gravitee.io/hubfs/Union (3).svg]
[www.gravitee.io/hubfs/Union (4).svg]
[js.hscta.net/cta/current.js]
[www.gravitee.io/resources/iwm.html]
[www.gravitee.io/industry/software-saasd41d.html]
[www.gravitee.io/hubfs/Union (5).svg]
[www.gravitee.io/hubfs/Vector (3).svg]
[www.gravitee.io/hubfs/Union (6).svg]
[www.gravitee.io/platform/service-management-ecosystem.html]
[www.gravitee.io/industry/telecom-mediad41d.html]
[www.gravitee.io/hubfs/Vector (4).svg]
[www.gravitee.io/hubfs/Union (7).svg]
[www.gravitee.io/hubfs/Union (8).svg]
[www.gravitee.io/industry/governmentd41d.html]
[www.gravitee.io/hubfs/Subtract (3).svg]
[www.gravitee.io/hubfs/Vector (5).svg]
[www.gravitee.io/hubfs/Union (9).svg]
[www.gravitee.io/resources/sdfe.html]
[www.gravitee.io/industry/transportationd41d.html]
[www.gravitee.io/hubfs/Union (10).svg]
[www.gravitee.io/hubfs/Union (11).svg]
[www.gravitee.io/hubfs/Subtract (4).svg]
[www.gravitee.io/resources/invers-reduce-complexity-tco.html]
[www.gravitee.io/industry/manufacturingd41d.html]
[www.gravitee.io/hubfs/Subtract (5).svg]
[www.gravitee.io/hubfs/Union (12).svg]
[www.gravitee.io/hubfs/Subtract (6).svg]
[www.gravitee.io/industry/healthcared41d.html]
[www.gravitee.io/hubfs/Vector (6).svg]
[www.gravitee.io/hubfs/Subtract (7).svg]
[www.gravitee.io/hubfs/Vector (7).svg]
[www.gravitee.io/industry/general-otherd41d.html]
[www.gravitee.io/hubfs/Vector-1.svg]
[www.gravitee.io/hs-fs/hubfs/hub_generated/module_assets/1/66332995091/1744492632976/module_stats-grid.min.css]
[www.gravitee.io/hs-fs/hubfs/hub_generated/module_assets/1/66448306804/1744492635274/module_Team.min.css]
[www.gravitee.io/companyd41d.html]
[www.gravitee.io/hs-fs/hubfs/hub_generated/module_assets/1/66425453722/1744492633881/module_Partner_Filter.min.css]
[www.gravitee.io/partnersd41d.html]
[www.gravitee.io/partners/technology/solace1636.html]
[www.gravitee.io/hubfs/Axxiome_Logo_white.svg]
[www.gravitee.io/hubfs/Gravitee_September2021/Images/cynnent-logo-lite 1.svg]
[www.gravitee.io/hs-fs/hubfs/hub_generated/module_assets/1/150435797295/1743167689870/module_Resource_Categories.min.css]
[www.gravitee.io/hs-fs/hubfs/hub_generated/module_assets/1/179326726687/1744492906131/module_Case_Study_Cards.min.css]
[www.gravitee.io/case-studiesd41d.html]
[www.gravitee.io/resources/tag/whitepaper.html]
[www.gravitee.io/resources/tag/ebook.html]
[www.gravitee.io/resources/tag/webinar.html]
[www.gravitee.io/case-studies/eurostar.html]
[www.gravitee.io/case-studies/how-a-global-sports-leader-scored-with-gravitees-kafka-integration.html]
[www.gravitee.io/case-studies/supply-chain-management-with-gravitee-kafka-gateway.html]
[www.gravitee.io/case-studies/swisspost.html]
[www.gravitee.io/case-studies/verint.html]
[scripts.teamtailor-cdn.com/widgets/eu-pink/jobs.js]
[connect.facebook.net/en_GB/sdk.js]
[platform.twitter.com/widgets.js]
[connect.facebook.net/en_US/sdk.js]
[www.gravitee.io/hs-fs/hubfs/image (1)92cf.png]
[www.gravitee.io/case-studies/michelin]
[www.gravitee.io/hs-fs/hubfs/Michelin_G_S_NoBL_Blue_RGB_0618f900.png]
[www.gravitee.io/case-studies/cardiff-university]
[www.gravitee.io/hs-fs/hubfs/Cardiff CS09af.webp]
[www.gravitee.io/case-studies/pensionsmyndigheten]
[www.gravitee.io/hs-fs/hubfs/Screenshot 2024-06-18 at 9.43.27 AM-1fffd.png]
[www.gravitee.io/case-studies/prospera]
[www.gravitee.io/hs-fs/hubfs/prospera-header-logo (1)bd26.jpg]
[www.gravitee.io/resources/hagebau-case-study]
[www.gravitee.io/hs-fs/hubfs/hagebau2b28.jpg]
[www.gravitee.io/case-studies/postnl]
[www.gravitee.io/hs-fs/hubfs/postnl_whitee0bd.png]
[www.gravitee.io/resources/riksidrottsforbundet-case-study]
[www.gravitee.io/hs-fs/hubfs/SKF Graphic 1 (1)3994.jpg]
[www.gravitee.io/resources/medimpact-gravitee-case-study]
[www.gravitee.io/hs-fs/hubfs/SKF Graphic 1 (1)1110.png]
[www.gravitee.io/resources/skf-case-study]
[www.gravitee.io/hs-fs/hubfs/skf-imagea98a.jpg]
[www.gravitee.io/resources/billo-case-study]
[www.gravitee.io/hs-fs/hubfs/billo logo_billo opengraph-16320.png]
[www.gravitee.io/hs-fs/hubfs/Gravitee_September2021/Images/60a7cfd5ade2fc763dbb4304_IWM-2f5f1.png]
[www.gravitee.io/resources/tide-case-study]
[www.gravitee.io/hs-fs/hubfs/Gravitee_September2021/Images/60a7d02c752bc2394a5980a7_Tide-3b982.png]
[www.gravitee.io/resources/effortless-api-oversight-university-helsinki]
[www.gravitee.io/hs-fs/hubfs/Helsingin University - case cover8e7b.png]
[www.gravitee.io/hs-fs/hubfs/Gravitee_September2021/Images/60a7cf8fbce82039af42f9a4_April-35593.png]
[www.gravitee.io/hs-fs/hubfs/Gravitee_September2021/Images/60a7d0480250f8173747a9a5_SFDEcd42.png]
[www.gravitee.io/resources/helsinki]
[www.gravitee.io/hs-fs/hubfs/Gravitee_September2021/Images/60a7d00bb2f30a6861b88174_UofH91aa.png]
[www.gravitee.io/resources/stabilizing-sedexs-collaborative-platform]
[www.gravitee.io/hs-fs/hubfs/Gravitee_September2021/Images/60a7cfb6793c8d2a2b2cf5a3_Sedex-2c3df.png]
[www.gravitee.io/hs-fs/hubfs/Invers - case coverf653.png]
[www.gravitee.io/news]
[www.gravitee.io/about/Gravitee_2025/templates/partials/header.html]
[www.gravitee.io/about/diversity-equity-and-inclusiond41d]
[www.gravitee.io/about/Gravitee_2022/templates/partials/footer.html]
[www.gravitee.io/hs-fs/hubfs/hub_generated/module_assets/1/181210104064/1744492909146/module_career_values_cards.min.css]
[www.gravitee.io/hs-fs/hubfs/hub_generated/module_assets/1/181211162228/1744492910082/module_image_grid_careers.min.css]
[www.gravitee.io/hs-fs/hubfs/hub_generated/module_assets/1/181214560675/1744492911056/module_Testimonial_slider_careers.min.css]
[www.gravitee.io/hs-fs/hubfs/hub_generated/module_assets/1/181209922657/1744492908064/module_Gravitee_Career_Benefits_Tabs.min.css]
[www.gravitee.io/hs-fs/hubfs/hub_generated/module_assets/1/80219639624/1740983345826/module_HTML_Code_Beautifier.css]
[www.gravitee.io/careersd41d]
[www.gravitee.io/hs-fs/hubfs/careers/KafkaCurrent photo1f69e.jpeg]
[www.gravitee.io/hs-fs/hubfs/careers/IMG_500389d5.jpeg]
[www.gravitee.io/hs-fs/hubfs/image (12)2b29.png]
[www.gravitee.io/hs-fs/hubfs/IMG_321396a9.jpg]
[cdn.jsdelivr.net/npm/@splidejs/splide@4.1.2/dist/css/splide.min.css]
[www.gravitee.io/hs-fs/hubfs/JoelleK Gravitee HScc73.jpeg]
[www.gravitee.io/hubfs/quote-icon-purple-circle.png]
[www.gravitee.io/hs-fs/hubfs/Charlie D gravitee HS197c.jpeg]
[www.gravitee.io/hs-fs/hubfs/image (11)01f1.png]
[www.gravitee.io/hs-fs/hubfs/Brent H gravitee HS6aa8.jpeg]
[www.gravitee.io/hs-fs/hubfs/Medhavi P Gravitee HS621e.jpeg]
[www.gravitee.io/hs-fs/hubfs/Mateusz a fliplug  HS12f6.jpeg]
[www.gravitee.io/hs-fs/hubfs/Anna C Gravitee HSe2f4.jpeg]
[www.gravitee.io/hs-fs/hubfs/Crystal M Gravitee HS5f04.jpeg]
[cdn.jsdelivr.net/npm/@splidejs/splide@4.1.2/dist/js/splide.min.js]
[www.gravitee.io/hubfs/DEI.png]
[www.gravitee.io/hubfs/pencil-solid.svg]
[www.gravitee.io/hs-fs/hubfs/coworking Icon339c.png]
[www.gravitee.io/hs-fs/hubfs/travel Icona757.png]
[www.gravitee.io/hs-fs/hubfs/Holiday Icon (1)c131.png]
[www.gravitee.io/hs-fs/hubfs/Healthcare Icon (1)a303.png]
[www.gravitee.io/hs-fs/hubfs/Volunteer Iconee37.png]
[www.gravitee.io/hs-fs/hubfs/Perkbox Icon503a.png]
[www.gravitee.io/hubfs/graduation-cap-solid.svg]
[www.gravitee.io/hs-fs/hubfs/Parental Leave Iconabb1.png]
[www.gravitee.io/hubfs/plane-solid.svg]
[www.gravitee.io/hubfs/person-chalkboard-solid.svg]
[www.gravitee.io/hs-fs/hubfs/World Icond922.png]
[cdnjs.cloudflare.com/ajax/libs/clipboard.js/1.5.12/clipboard.min.js]
[www.gravitee.io/hs-fs/hubfs/hub_generated/module_assets/1/80219639624/1740983345826/module_HTML_Code_Beautifier.min.js]
[www.gravitee.io/api-management-buyers-guide-event-natived41d]
[www.gravitee.io/democ6eb]
[www.gravitee.io/resources/why-not-all-apim-solutions-are-equal]
[www.gravitee.io/comparison/gravitee-vs-apigee-0]
[www.gravitee.io/comparison/kong-vs-gravitee]
[www.gravitee.io/comparison/apigee-vs-gravitee]
[www.gravitee.io/comparison/tyk-vs-gravitee]
[www.gravitee.io/comparison/aws-vs-gravitee]
[www.gravitee.io/comparison/azure-vs-gravitee]
[www.gravitee.io/hs-fs/hubfs/hub_generated/template_assets/1/85048823059/1744640690430/template_comparison-table.min.css]
[www.gravitee.io/hs-fs/hubfs/hub_generated/module_assets/1/84954077230/1744492711196/module_content-with-sticky-nav.min.css]
[www.gravitee.io/comparison/Gravitee_2025/templates/partials/header.html]
[www.gravitee.io/comparison/gravitee-vs-kongd41d]
[www.gravitee.io/hubfs/Icons/check.png]
[www.gravitee.io/hubfs/Icons/caution-1.png]
[www.gravitee.io/hubfs/Icons/no-entry.png]
[www.gravitee.io/blog/introducing-event-native-api-management]
[www.gravitee.io/blog/incentivizing-api-providers-and-consumers-through-api-monetization]
[www.gravitee.io/blog/gravitee-augments-splunk-api-monitoring]
[www.gravitee.io/comparison/gravitee-vs-tykd41d]
[www.gravitee.io/migration-legacy]
[www.gravitee.io/migration]
[www.gravitee.io/comparison/gravitee-vs-mulesoftd41d]
[www.gravitee.io/comparison/gravitee-vs-apigeed41d]
[www.gravitee.io/demo-eh-beta-test-16jan]
[www.gravitee.io/comparison/gravitee-vs-azured41d]
[www.gravitee.io/comparison/gravitee-vs-awsd41d]
[www.gravitee.io/hs-fs/hubfs/hub_generated/template_assets/1/65362293811/1744640692611/template_main.min.css]
[www.gravitee.io/hs-fs/hubfs/hub_generated/template_assets/1/65362233949/1744640678461/template_blog.min.css]
[www.gravitee.io/hs-fs/hubfs/hub_generated/template_assets/1/65362142503/1744640604024/template_theme-overrides.min.css]
[www.gravitee.io/hs-fs/hubfs/hub_generated/template_assets/1/67150940477/1744640682503/template_gravitee-two.min.css]
[www.gravitee.io/hs-fs/hubfs/hub_generated/template_assets/1/65363705528/1744640690163/template_gravitee.css]
[www.gravitee.io/hs-fs/hubfs/hub_generated/module_assets/1/150434912513/1744492881210/module_Resource_Listing_2023.min.css]
[7052064.fs1.hubspotusercontent-na1.net/hubfs/7052064/hub_generated/module_assets/1/-55928693385/1744838715702/module_pagination.min.css]
[www.gravitee.io/resources/page/2]
[www.gravitee.io/resources/rss.xml]
[www.gravitee.io/Gravitee_2022/templates/partials/header.html]
[www.gravitee.io/hubfs/assets/gravitee-logo-white.svg]
[www.gravitee.io/resourcesd41d]
[www.gravitee.io/hubfs/Kafka gw Featured.png]
[www.gravitee.io/resources/webinar-conapi-0]
[www.gravitee.io/resources/webinar-conapi]
[www.gravitee.io/resources/meet-up-germany]
[www.gravitee.io/resources/cardiff-university-case-study-0]
[www.gravitee.io/hubfs/SKF Graphic 1 (3).png]
[www.gravitee.io/resources/pensionsmyndigheten-case-study-0]
[www.gravitee.io/hubfs/Screenshot 2024-06-18 at 9.43.27 AM.png]
[www.gravitee.io/resources/page/3]
[www.gravitee.io/resources/page/4]
[www.gravitee.io/resources/page/5]
[www.gravitee.io/resources/page/9]
[www.gravitee.io/hs-fs/hubfs/hub_generated/template_assets/1/65362284578/1744640680127/template_main.min.js]
[www.gravitee.io/hs-fs/hubfs/hub_generated/template_assets/1/67140955727/1744640686203/template_megamenu-custom.min.js]
[www.gravitee.io/hs-fs/hubfs/hub_generated/module_assets/1/80366330209/1744379058838/module_Blog_Category_Counts.min.css]
[www.gravitee.io/hs-fs/hubfs/hub_generated/module_assets/1/154909792414/1744492885770/module_search_input_gravitee.min.css]
[www.gravitee.io/hs-fs/hubfs/hub_generated/module_assets/1/151877273655/1744378766173/module_Featured_Blog.min.css]
[www.gravitee.io/hs-fs/hubfs/hub_generated/module_assets/1/151879444247/1744378817967/module_Recent_Blog_List.min.css]
[www.gravitee.io/hs-fs/hubfs/hub_generated/module_assets/1/151892393073/1744378780669/module_Category_Tag_Posts.css]
[www.gravitee.io/hs-fs/hubfs/hub_generated/module_assets/1/151983651126/1744378773593/module_Category_Tag_Posts_with_side_list.min.css]
[www.gravitee.io/hs-fs/hubfs/hub_generated/module_assets/1/151984914493/1744635985408/module_Category_Filter_Lists.min.css]
[www.gravitee.io/blog-graviteed41d]
[www.gravitee.io/blog/tag/api-management]
[www.gravitee.io/blog/tag/api-basics]
[www.gravitee.io/blog/tag/platform-release]
[www.gravitee.io/blog/tag/api-strategy]
[www.gravitee.io/blog/tag/kafka]
[www.gravitee.io/blog/tag/api-security]
[www.gravitee.io/blog/tag/access-management]
[www.gravitee.io/blog/tag/news]
[www.gravitee.io/blog/tag/api-tutorial]
[www.gravitee.io/blog/tag/event-native]
[www.gravitee.io/blog/tag/gravitee-edge-2024]
[www.gravitee.io/blog/tag/kafka-gateway]
[www.gravitee.io/blog/tag/api-monetisation]
[www.gravitee.io/blog/tag/kakfa-proxy]
[www.gravitee.io/blog/tag/rest-api]
[www.gravitee.io/blog/tag/api-design]
[www.gravitee.io/blog/tag/developer-portal]
[www.gravitee.io/blog/tag/microservices]
[www.gravitee.io/blog/tag/gko]
[www.gravitee.io/blog/tag/kubernetes]
[www.gravitee.io/blog/tag/security]
[www.gravitee.io/blog/tag/api-architecture]
[www.gravitee.io/blog/tag/api-first]
[www.gravitee.io/blog/tag/api-marketplaces]
[www.gravitee.io/blog/tag/soap-api]
[www.gravitee.io/blog/tag/types-of-api]
[www.gravitee.io/blog/tag/ai]
[www.gravitee.io/blog/tag/commercialising-apis]
[www.gravitee.io/blog/tag/api-observability]
[www.gravitee.io/blog/tag/api-testing]
[www.gravitee.io/blog/tag/agentic]
[www.gravitee.io/blog/tag/event-portal]
[www.gravitee.io/blog/tag/featured]
[www.gravitee.io/blog/tag/federation]
[www.gravitee.io/blog/tag/videos]
[www.gravitee.io/blog/tag/asynchronous-streaming-api]
[www.gravitee.io/blog/tag/certification]
[www.gravitee.io/blog/tag/press]
[www.gravitee.io/blog/tag/public-sector]
[www.gravitee.io/blog/tag/api-basic]
[www.gravitee.io/blog/tag/cockpit]
[www.gravitee.io/blog/tag/solace]
[www.gravitee.io/blog/tag/synchronous-api]
[www.gravitee.io/blog/gravitee-recognised-as-a-leader-in-the-gartner-2024-magic-quadrant-for-api-management-report]
[www.gravitee.io/hubfs/Ad_2_Final.png]
[www.gravitee.io/blog/googles-agent-to-agent-a2a-and-anthropics-model-context-protocol-mcp]
[www.gravitee.io/blog/gko-4.7-shared-policy-groups-and-user-groups]
[www.gravitee.io/blog/apim-4.7-and-kafka-gateway]
[www.gravitee.io/blog/api-score-4.7-support-for-all-gravitee-api-types]
[www.gravitee.io/blog/gravitee-4.7-overview]
[www.gravitee.io/blog/why-your-apis-and-events-arent-ready-for-ai-agents-yet]
[www.gravitee.io/blog]
[www.gravitee.io/hubfs/Untitled Diagram.drawio.svg]
[www.gravitee.io/hubfs/Screenshot 2025-04-17 at 12.45.01 PM.png]
[www.gravitee.io/hubfs/Screenshot 2025-04-17 at 12.28.21 PM.png]
[www.gravitee.io/blog/owasp-api-security-part-3]
[www.gravitee.io/hubfs/fliplug API Security.png]
[www.gravitee.io/blog/owasp-api-security-part-2]
[www.gravitee.io/blog/owasp-api-security-part-1]
[www.gravitee.io/blog/soap-to-rest-quick-guide-to-payload-and-message-conversion]
[www.gravitee.io/hubfs/Transforming SOAP to REST Quick Guide.png]
[www.gravitee.io/blog/overcoming-flapim-challenges-with-gravitee]
[www.gravitee.io/hubfs/Overcoming challenges in FLAPIM.png]
[www.gravitee.io/blog/api-versioning-with-gravitee]
[www.gravitee.io/hubfs/API Versioning.png]
[www.gravitee.io/blog/introducing-gravitee-platform-4.5-federation-and-api-score]
[www.gravitee.io/hubfs/Introducing Gravite 4.5.png]
[www.gravitee.io/blog/gitops-for-api-management]
[www.gravitee.io/hubfs/Less Clicking, more shipping with GitOps-2.png]
[www.gravitee.io/hubfs/What is event-native APIM.png]
[www.gravitee.io/blog/gravitee-edge-replay-2024-wrap-up]
[www.gravitee.io/hubfs/Edge Replay Featured Images.png]
[www.gravitee.io/blog/gravitee-edge-replay-2024-axi]
[www.gravitee.io/hubfs/AXI.jpg]
[www.gravitee.io/blog/gravitee-edge-replay-2024-execroundtable]
[www.gravitee.io/hubfs/Executive Roundtable.jpg]
[www.gravitee.io/blog/gravitee-featured-as-a-strong-performer-in-the-2024-edition-of-the-forrester-wave-api-management-software-q3-2024-report]
[www.gravitee.io/blog/gravitee-recognized-in-the-2024-gartner-voice-of-the-customer-for-api-management-report]
[www.gravitee.io/blog/pricing-packaging-updates]
[www.gravitee.io/blog/use-aws-cloudhsm-for-signing-oauth-tokens]
[www.gravitee.io/blog/gravitee-4.6-release-overview]
[www.gravitee.io/blog/introducing-gravitee-platform-4.5-access-management]
[www.gravitee.io/blog/guide-to-monetizing-asynchronous-apis-and-events]
[www.gravitee.io/blog/how-to-package-expose-and-manage-your-events-like-you-do-you-apis-with-solace-and-gravitee]
[www.gravitee.io/blog/api-monetization]
[www.gravitee.io/hs-fs/hubfs/hub_generated/module_assets/1/154909792414/1744492885770/module_search_input_gravitee.min.js]
[www.gravitee.io/hs-fs/hubfs/hub_generated/module_assets/1/74693895835/1743522836765/module_Video_Lightbox.min.css]
[www.gravitee.io/hubfs/_branding/grav-bg.jpg]
[www.gravitee.io/demo-centerd41d]
[cdnjs.cloudflare.com/ajax/libs/fancybox/3.5.6/jquery.fancybox.min.js]
[static.hsappstatic.net/media-bridge-embed-js/ex/v1.js]
[www.gravitee.io/GET]
[www.gravitee.io/contact-usd41d]
[www.gravitee.io/hs-fs/hubfs/hub_generated/module_assets/1/66319793822/1744492626952/module_solutions-slider.min.css]
[www.gravitee.io/certificationd41d]
[no-cache.hubspot.com/cta/default/7600448/18b0744c-07f9-4c26-b12e-fe008b564eb3.png]
[cdn.jsdelivr.net/npm/@accessible360/accessible-slick@1.0.1/slick/slick.min.js]
[cdn.jsdelivr.net/npm/@accessible360/accessible-slick@1.0.1/slick/slick.min.css]
[cdn.jsdelivr.net/npm/@accessible360/accessible-slick@1.0.1/slick/accessible-slick-theme.min.css]
[cdnjs.cloudflare.com/ajax/libs/font-awesome/5.14.0/css/all.min.css]
[www.gravitee.io/hubfs/assets/icons-outline-arrow-right.svg]
[www.gravitee.io/hs-fs/hubfs/fliplugio-Certification-lorem@2x-174ec.png]
[no-cache.hubspot.com/cta/default/7600448/6065d386-af3a-45a4-85a6-dbd1b8f2b4e3.png]
[no-cache.hubspot.com/cta/default/7600448/d2737958-45fc-4a7e-9e3d-3b79ab3b5764.png]
[www.gravitee.io/hs-fs/hubfs/fliplugio-Pro-Certification-lorem@2x-15d8f.png]
[no-cache.hubspot.com/cta/default/7600448/7ed4b64a-1c19-4215-beab-c71444902506.png]
[www.gravitee.io/hs-fs/hubfs/gENAA Cert7698.png]
[no-cache.hubspot.com/cta/default/7600448/f56eb0ad-5d26-4584-97f0-dbb2ec754353.png]
[www.gravitee.io/hs-fs/hubfs/MQTT-badge2962.png]
[no-cache.hubspot.com/cta/default/7600448/36927f2d-d6d3-44ac-963d-56d3ee7d6088.png]
[www.gravitee.io/hubfs/fliplugio-Certification-partner-compressed-png.png]
[no-cache.hubspot.com/cta/default/7600448/beb09dd2-5035-4fe8-9515-f819c6849de8.png]
[www.gravitee.io/hs-fs/hubfs/Kafka-badge76a7.png]
[no-cache.hubspot.com/cta/default/7600448/36cedb86-00d7-42f5-bf73-198ec254a3fb.png]
[www.gravitee.io/hs-fs/hubfs/hub_generated/module_assets/1/129423881136/1744374771362/module_Social_Proof_-_Testimonial_Only.min.css]
[www.gravitee.io/hs-fs/hubfs/hub_generated/module_assets/1/129423881222/1744374804619/module_Social_Proof_-_Badges_Only.min.css]
[www.gravitee.io/demod41d]
[www.gravitee.io/hubfs/Gravitee_2022/Images/New/Tide.png]
[www.gravitee.io/hubfs/Verint- White (1).png]
[www.gravitee.io/hubfs/Gravitee_2022/Images/New/Auchan.png]
[www.gravitee.io/hs-fs/hubfs/APISecurity_Leader_Leader-129c4.png]
[www.gravitee.io/hs-fs/hubfs/peer-insights-r-TM-rgb-for-gartnerblue-bkgrnd-18d5f.png]
[www.gravitee.io/hubfs/assets/solutions-bg.jpg]
[www.gravitee.io/hubfs/assets/purple-background-with-gravitee-g-1.png]
[www.gravitee.io/solution/Gravitee_2022/templates/partials/header.html]
[www.gravitee.io/solution/api-monitoring-alertsd41d]
[www.gravitee.io/-ab-variant-cefa6008-8719-45b1-bbf0-c408ec5d373e]
[www.gravitee.io/solution/api-standardizationd41d]
[www.gravitee.io/solution/microservicesd41d]
[www.gravitee.io/hs-fs/hubfs/university of helsinki327e.png]
[www.gravitee.io/solution/developer-portald41d]
[www.gravitee.io/solution/api-firstd41d]
[www.gravitee.io/solution/cloud-transformationd41d]
[www.gravitee.io/solution/api-discoverabilityd41d]
[www.gravitee.io/solution/api-securityd41d]
[www.gravitee.io/solution/devopsd41d]
[www.gravitee.io/hs-fs/hubfs/assets/sedex-logofad9.png]
[www.gravitee.io/solution/api-managementd41d]
[www.gravitee.io/solution/event-driven-architecture-and-apisd41d]
[www.gravitee.io/industry/retail-ecommerce-consumer-goodsd41d]
[www.gravitee.io/hubfs/Vector (1).svg]
[www.gravitee.io/hubfs/Vector (2).svg]
[www.gravitee.io/hubfs/Subtract.svg]
[www.gravitee.io/case-studies/iwm]
[www.gravitee.io/hubfs/assets/platform-bg-buckets.png]
[www.gravitee.io/platform/Gravitee_2022/templates/partials/header.html]
[www.gravitee.io/platform/cockpitd41d]
[www.gravitee.io/hubfs/Vector (2).png]
[www.gravitee.io/hubfs/Vector (3).png]
[www.gravitee.io/hubfs/Vector (4).png]
[www.gravitee.io/hubfs/cockpit with AM.png]
[www.gravitee.io/hubfs/cockpit_analytics.png]
[www.gravitee.io/hubfs/Cockpit Organizational.png]
[www.gravitee.io/hubfs/cockpit availability.png]
[www.gravitee.io/hubfs/Vector (2)-1.png]
[www.gravitee.io/hubfs/Vector (3)-1.png]
[www.gravitee.io/hubfs/Union (2)-1.png]
[www.gravitee.io/hubfs/Vector (4)-1.png]
[www.gravitee.io/hubfs/Vector (5)-1.png]
[www.gravitee.io/hubfs/Union (3)-1.png]
[www.gravitee.io/hs-fs/hubfs/hub_generated/module_assets/1/73961754392/1744389241450/module_Hero_Module_-_Branding.min.css]
[www.gravitee.io/hubfs/BG.png]
[www.gravitee.io/hs-fs/hubfs/hub_generated/module_assets/1/73969861891/1744388811160/module_Colors_Module_-_Branding.min.css]
[www.gravitee.io/hubfs/Gravitee_2022/Images/bg_gradient.png]
[www.gravitee.io/hs-fs/hubfs/hub_generated/module_assets/1/73992242873/1744492690368/module_Typography_Module.min.css]
[www.gravitee.io/hs-fs/hubfs/hub_generated/module_assets/1/73993889381/1744492692260/module_Typography_Module_-_Dark.min.css]
[www.gravitee.io/hs-fs/hubfs/hub_generated/module_assets/1/73969921907/1744492689477/module_Font_Module_-_Branding.min.css]
[www.gravitee.io/hs-fs/hubfs/hub_generated/module_assets/1/73963943776/1744492688443/module_Logo_Module_-_Branding.min.css]
[www.gravitee.io/hs-fs/hubfs/hub_generated/module_assets/1/73962826043/1744492687544/module_Button_Module_-_Branding.min.css]
[www.gravitee.io/brandingd41d]
[www.gravitee.io/hubfs/Horizontal_LightMode.svg]
[www.gravitee.io/hubfs/Logos 2025/Logo-pack-2025.zip]
[www.gravitee.io/hs-fs/hubfs/hub_generated/module_assets/1/73961754392/1744389241450/module_Hero_Module_-_Branding.min.js]
[www.gravitee.io/privacy-policyd41d]
[www.gravitee.io/legalc6eb]
[www.gravitee.io/legald41d]
[www.gravitee.io/slsa]
[www.gravitee.io/support-terms]
[www.gravitee.io/on-premises-product-terms]
[www.gravitee.io/saas-product-terms]
[www.gravitee.io/data-processing-agreement]
[www.gravitee.io/slsa-fr]
[www.gravitee.io/support-terms-fr]
[www.gravitee.io/on-premises-product-terms-fr]
[www.gravitee.io/saas-product-terms-fr]
[www.gravitee.io/data-processing-agreement-fr]
[www.gravitee.io/security-at-graviteed41d]
[www.gravitee.io/hubfs/Glow@2x.png]
[www.gravitee.io/hs-fs/hubfs/hub_generated/template_assets/1/138275762846/1744640674645/template_resources.min.css]
[www.gravitee.io/hs-fs/hubfs/hub_generated/module_assets/1/138212222817/1744492872386/module_Webinar_Speakers.min.css]
[www.gravitee.io/resources/kafka-gateway-datasheet3d9f]
[www.gravitee.io/resources/Gravitee_2022/templates/partials/header.html]
[www.gravitee.io/resources/kafka-gateway-datasheetd41d]
[www.gravitee.io/hs-fs/hubfs/Screenshot 2024-09-13 at 14.46.58d31c.png]
[www.gravitee.io/resources/Gravitee_2022/templates/partials/footer.html]
[www.gravitee.io/hs-fs/hubfs/hub_generated/module_assets/1/138212222817/1744492872386/module_Webinar_Speakers.min.js]
[www.gravitee.io/blog/introducing-the-gravitee-kafka-gateway3d9f]
[www.gravitee.io/blog/rss.xml]
[www.gravitee.io/blog/Gravitee_2025/templates/partials/header.html]
[www.gravitee.io/blog/introducing-the-gravitee-kafka-gatewayd41d]
[www.gravitee.io/hubfs/Gravite Kafka Gateway.png]
[www.gravitee.io/blog/author/devion-tharpe]
[www.gravitee.io/blog/gravitee-4.6-kafka-gateway]
[www.gravitee.io/blog/manage-kafka-native-apis-with-gko]
[www.gravitee.io/blog/gravitee-kafka-gateway-use-case-supply-chain-management]
[www.gravitee.io/platform/streaming-proxiesd41d]
[www.gravitee.io/hubfs/kafkaicon.svg]
[www.gravitee.io/hubfs/mqtticon.svg]
[www.gravitee.io/hubfs/solace.svg]
[www.gravitee.io/hubfs/rabbitmq.svg]
[www.gravitee.io/hs-fs/hubfs/kafka_endpoint21418.png]
[www.gravitee.io/hs-fs/hubfs/solace_endpoint2fbc.png]
[www.gravitee.io/hs-fs/hubfs/rabbit_endpoint859a.png]
[www.gravitee.io/hs-fs/hubfs/failover2a6b.png]
[www.gravitee.io/hs-fs/hubfs/kafka_connection89d0.png]
[www.gravitee.io/hs-fs/hubfs/api_traffic0e00.png]
[www.gravitee.io/hs-fs/hubfs/jwt_auth2d6e.png]
[www.gravitee.io/hs-fs/hubfs/oauth21089.png]
[www.gravitee.io/hs-fs/hubfs/prospera-header-logo2e80.png]
[www.gravitee.io/hs-fs/hubfs/assets/tide-logoac23.png]
[www.gravitee.io/hubfs/checkmark.svg]
[www.gravitee.io/pricing-kafkad41d]
[www.gravitee.io/resources/api-security-whitepaper3d9f]
[www.gravitee.io/resources/api-security-whitepaperd41d]
[www.gravitee.io/hubfs/Featured Img.jpg]
[www.gravitee.io/hubfs/assets/gravitee-platform-bg.png]
[www.gravitee.io/resources/tide3d9f]
[www.gravitee.io/resources/tided41d]
[www.gravitee.io/hubfs/Gravitee_September2021/Images/60a7d02c752bc2394a5980a7_Tide-3.png]
[www.gravitee.io/resources/api-management-plays-a-huge-part-in-software-expansion3d9f]
[www.gravitee.io/resources/api-management-plays-a-huge-part-in-software-expansiond41d]
[www.gravitee.io/hubfs/Gravitee_September2021/Images/60a7cf8fbce82039af42f9a4_April-3.png]
[www.gravitee.io/resources/iwm3d9f]
[www.gravitee.io/resources/iwmd41d]
[www.gravitee.io/hubfs/Gravitee_September2021/Images/60a7cfd5ade2fc763dbb4304_IWM-2.png]
[www.gravitee.io/hs-fs/hubfs/hub_generated/module_assets/1/67474770582/1744492664442/module_slant_left_to_right.min.css]
[www.gravitee.io/hubfs/assets/blurry-gradient-portage.png]
[www.gravitee.io/platform/service-management-ecosystemd41d]
[www.gravitee.io/hubfs/SME-Diagram-Dark@2x-1.png]
[www.gravitee.io/hs-fs/hubfs/assets/sedex-logo8640.png]
[www.gravitee.io/hubfs/SME-Diagram-Light@2x.png]
[www.gravitee.io/hubfs/developers_portal.png]
[www.gravitee.io/hubfs/Gravitee-Xylem-Data-Ingestion-mqtt.png]
[www.gravitee.io/resources/sdfe3d9f]
[www.gravitee.io/resources/sdfed41d]
[www.gravitee.io/hubfs/Gravitee_September2021/Images/60a7d0480250f8173747a9a5_SFDE.png]
[www.gravitee.io/resources/invers-reduce-complexity-tco3d9f]
[www.gravitee.io/resources/invers-reduce-complexity-tcod41d]
[www.gravitee.io/hubfs/Invers - case cover.png]
[www.gravitee.io/partners/technology/solace]
[www.gravitee.io/partners/technology/Gravitee_2022/templates/partials/header.html]
[www.gravitee.io/partners/technology/solaced41d]
[www.gravitee.io/hubfs/Solace_Logo_White.png]
[www.gravitee.io/hubfs/Vector (7).png]
[www.gravitee.io/hubfs/Vector (8).png]
[www.gravitee.io/hubfs/Vector (9).png]
[www.gravitee.io/hs-fs/hubfs/Solace-logo-green2fd0.png]
[www.gravitee.io/hubfs/gravitee-screenshot-2.png]
[www.gravitee.io/hubfs/Screenshot 2023-01-09 at 07.35.01.png]
[www.gravitee.io/hs-fs/hubfs/gravitee-screenshot-22207.png]
[www.gravitee.io/hs-fs/hubfs/Screenshot 2024-05-31 at 10.13.45 AM97dd.png]
[www.gravitee.io/resources/tag/whitepaper/page/2]
[www.gravitee.io/resources/tag/Gravitee_2022/templates/partials/header.html]
[www.gravitee.io/resources/tag/whitepaperd41d]
[www.gravitee.io/resources/the-case-for-api-management-powered-kafka]
[www.gravitee.io/hubfs/Websockets-Over-Kafka-Display-Ad-1_91_1@2x-1.png]
[www.gravitee.io/resources/business-impact-event-apis]
[www.gravitee.io/hubfs/Gravitee-opengraph.jpeg]
[www.gravitee.io/resources/api-management-for-devops]
[www.gravitee.io/resources/api-management-for-iot]
[www.gravitee.io/hubfs/Whitepaper - API Management with IOT.png]
[www.gravitee.io/resources/11-api-trends-you-should-know]
[www.gravitee.io/hubfs/Screen Shot 2022-10-25 at 6.14.16 PM.png]
[www.gravitee.io/hubfs/notallequal.jpg]
[www.gravitee.io/resources/tag/Gravitee_2022/templates/partials/footer.html]
[www.gravitee.io/resources/tag/ebook/page/2]
[www.gravitee.io/resources/tag/ebookd41d]
[www.gravitee.io/resources/gravitee-iam-for-boomi-apim-customers]
[www.gravitee.io/resources/how-do-we-put-api-first-first-ebook]
[www.gravitee.io/hubfs/api first- 1920x1080.png]
[www.gravitee.io/resources/why-is-api-management-now-a-business-critical-capability]
[www.gravitee.io/hubfs/low code - 1920x1080 (1).jpg]
[www.gravitee.io/resources/the-low-code-governance-trap-and-how-not-to-fall-into-it-ebook]
[www.gravitee.io/hubfs/low code - 1920x1080.jpg]
[www.gravitee.io/resources/france-has-a-government-api-strategy-par-excellence-ebook]
[www.gravitee.io/hubfs/France gov - 1920x1080.jpg]
[www.gravitee.io/resources/three-easy-wins-combining-no-code-and-api-management-ebook]
[www.gravitee.io/hubfs/Three Easy Wins Ebook.jpg]
[www.gravitee.io/resources/tag/webinar/page/2]
[www.gravitee.io/resources/tag/webinard41d]
[www.gravitee.io/resources/future-and-present-proofing-your-api-and-data-infrastructure]
[www.gravitee.io/hubfs/Featured Img-1.jpg]
[www.gravitee.io/resources/hands-on-introduction-to-gravitee-api-management-28th-june]
[www.gravitee.io/hubfs/api_training_june_header__1_.png]
[www.gravitee.io/resources/api-agility-means-looking-beyond-rest]
[www.gravitee.io/hubfs/Webinar Card.jpg]
[www.gravitee.io/resources/gravitee-3.15-3.16-and-3.16.1]
[www.gravitee.io/hubfs/Webinar Card (1).jpg]
[www.gravitee.io/resources/hands-on-introduction-to-gravitee-api-management]
[www.gravitee.io/hubfs/Intro_Agenda Slide .jpg]
[www.gravitee.io/resources/apimanagement101fr]
[www.gravitee.io/hubfs/Screenshotedit.png]
[www.gravitee.io/hs-fs/hubfs/hub_generated/module_assets/1/175773791556/1744492900244/module_Case_Study_Hero.min.css]
[www.gravitee.io/hs-fs/hubfs/hub_generated/module_assets/1/175808948088/1744492903431/module_case_study_api_profile.min.css]
[www.gravitee.io/hs-fs/hubfs/hub_generated/module_assets/1/175808290417/1744492902395/module_case_study_key_outcomes.min.css]
[www.gravitee.io/hs-fs/hubfs/hub_generated/module_assets/1/175803097482/1740983357177/module_case_study_testimonial.min.css]
[www.gravitee.io/hs-fs/hubfs/hub_generated/module_assets/1/175793201287/1744492901337/module_case_study_gravitee_checkbox.min.css]
[www.gravitee.io/hubfs/assets/about-bg.png]
[www.gravitee.io/case-studies/Gravitee_2022/templates/partials/header.html]
[www.gravitee.io/case-studies/eurostard41d]
[www.gravitee.io/hs-fs/hubfs/Eurostar-Logo2376.png]
[www.gravitee.io/case-studies/Gravitee_2022/templates/partials/footer.html]
[www.gravitee.io/case-studies/how-a-global-sports-leader-scored-with-gravitees-kafka-integrationd41d]
[www.gravitee.io/hubfs/Screenshot 2024-11-05 at 2.52.50 PM.png]
[www.gravitee.io/case-studies/supply-chain-management-with-gravitee-kafka-gatewayd41d]
[www.gravitee.io/hs-fs/hubfs/napkin-selection (4)3432.png]
[www.gravitee.io/hubfs/4.5 launch.png]
[www.gravitee.io/case-studies/swisspostd41d]
[www.gravitee.io/hs-fs/hubfs/Post_Logo_digital_RGB0abe.png]
[7052064.fs1.hubspotusercontent-na1.net/hubfs/7052064/hub_generated/module_assets/1/-51827829364/1744923772541/module_icon.min.css]
[www.gravitee.io/case-studies/verintd41d]
